============================================================
   Tang Dynasty, V6.2.168116
   Copyright (c) 2012-2025 Anlogic Inc.
   Executable = D:/Anlogic/TD_6.2.1_Engineer_6.2.168.116/bin/td.exe
   Built at =   16:32:07 Jun 12 2025
   Run by =     »ÆÂúöÎ
   Run Date =   Sun Sep 13 10:03:37 2026

   Run on =     LAPTOP-JS31KT7K
============================================================
RUN-1002 : start command "import_db D:/anlu/rtl/traffic_sign_td/td_project/traffic_sign_td_Runs/syn_1/traffic_sign_td_elaborate.db"
RUN-1001 : Importing database generated by Tang Dynasty, V6.2.168116.
RUN-1001 : Database version number 46207
RUN-1001 : Import flow parameters
RUN-1001 : Import netlist
RUN-1001 : Import timing constraints
RUN-1001 : Import IO constraints
RUN-1001 : Import Inst constraints
RUN-1001 : Import ChipWatcher
RUN-1001 : Import design success TD_VERSION=6.2.168116 , DB_VERSION=46207
RUN-1003 : finish command "import_db D:/anlu/rtl/traffic_sign_td/td_project/traffic_sign_td_Runs/syn_1/traffic_sign_td_elaborate.db" in  8.467812s wall, 3.734375s user + 0.625000s system = 4.359375s CPU (51.5%)

RUN-1004 : used memory is 1884 MB, reserved memory is 1895 MB, peak memory is 1973 MB
PRJ-1412 : reset_run phy_1.
PRJ-1411 : launch_runs syn_1 -step opt_rtl.
PRJ-1412 : reset_run phy_1.
PRJ-1416 : stop_run syn_1.
PRJ-1416 : stop_run phy_1.
RUN-1002 : start command "save_best_bits"
PRJ-1410 : Run syn_1 success.
