============================================================
   Tang Dynasty, V6.2.168116
   Copyright (c) 2012-2025 Anlogic Inc.
   Executable = D:/Anlogic/TD_6.2.1_Engineer_6.2.168.116/bin/td_commands_prompt.exe
   Built at =   16:32:07 Jun 12 2025
   Run by =     »ÆÂúöÎ
   Run Date =   Thu Sep  3 01:33:35 2026

   Run on =     LAPTOP-JS31KT7K
============================================================
RUN-1002 : start command "import_device ph1_35p.db -package PH1P35MDG324 -speed 3"
ARC-1001 : Device Initialization.
ARC-1001 : ----------------------------------------------------------------
ARC-1001 :           OPTION          |          IO           |   SETTING   
ARC-1001 : ----------------------------------------------------------------
ARC-1001 :   non_jtag_persist(none)  |        35 IOs         |    gpio    
ARC-1001 :            jtag           |  P13/P15/L14/R13/T13  |  dedicate  
ARC-1001 : ----------------------------------------------------------------
RUN-1003 : finish command "import_device ph1_35p.db -package PH1P35MDG324 -speed 3" in  1.340810s wall, 1.125000s user + 0.046875s system = 1.171875s CPU (87.4%)

RUN-1004 : used memory is 326 MB, reserved memory is 321 MB, peak memory is 326 MB
RUN-1002 : start command "open_project D:/anlu/rtl/td_project/camera_to_dsi_display.al -single_run"
PRJ-9210 ERROR: The XML file ../user_source/ip_source/PLL/PLL.xml does not exist.
PRJ-9210 ERROR: The XML file ../user_source/ip_source/w128_d512_fifo/w128_d512_fifo.xml does not exist.
PRJ-9210 ERROR: The XML file ../user_source/ip_source/w155_d512_fifo/w155_d512_fifo.xml does not exist.
PRJ-9210 ERROR: The XML file ../user_source/ip_source/blk_mem_gen_awb_delay_signal/blk_mem_gen_awb_delay_signal.xml does not exist.
PRJ-9210 ERROR: The XML file ../user_source/hdl_source/ip/memory/ph1p35_ddr/ddr2/ddr2.xml does not exist.
PRJ-9210 ERROR: The XML file ../user_source/hdl_source/ip/image/demosaic_4x_2_0/blk_mem_gen_zhenghe/blk_mem_gen_zhenghe.xml does not exist.
PRJ-9210 ERROR: The XML file ../user_source/hdl_source/ip/image/demosaic_4x_2_0/blk_mem_gen_demosaic/blk_mem_gen_demosaic.xml does not exist.
RUN-1002 : start command "commit_param -step design"
RUN-1001 : Print Global Property
RUN-1001 : -------------------------------------------------------------
RUN-1001 :     Parameters    |   Settings   |  Default Values  |  Note  
RUN-1001 : -------------------------------------------------------------
RUN-1001 :    enable_seed    |     off      |       off        |        
RUN-1001 :    hfn_to_clock   |  1000000000  |    1000000000    |        
RUN-1001 :      message      |   standard   |     standard     |        
RUN-1001 :    qor_monitor    |      on      |        on        |        
RUN-1001 :   speedup_effort  |      0       |        0         |        
RUN-1001 :    syn_ip_flow    |     off      |       off        |        
RUN-1001 :       thread      |     auto     |       auto       |        
RUN-1001 : -------------------------------------------------------------
RUN-1001 : Print Design Property
RUN-1001 : ----------------------------------------------------------------
RUN-1001 :       Parameters       |  Settings  |  Default Values  |  Note  
RUN-1001 : ----------------------------------------------------------------
RUN-1001 :   default_reg_initial  |    auto    |       auto       |        
RUN-1001 :    hdl_warning_level   |   normal   |      normal      |        
RUN-1001 : ----------------------------------------------------------------
HDL-5007 WARNING: could not find top-level module/unit; aborting hierarchy tree creation
PRJ-1401 : Successfully analyzed 54 source files.
RUN-1002 : start command "load_run_param -run syn_1"
RUN-1002 : start command "import_device ph1_35p.db -package PH1P35MDG324 -speed 3"
ARC-1001 : Device Initialization.
ARC-1001 : ----------------------------------------------------------------
ARC-1001 :           OPTION          |          IO           |   SETTING   
ARC-1001 : ----------------------------------------------------------------
ARC-1001 :   non_jtag_persist(none)  |        35 IOs         |    gpio    
ARC-1001 :            jtag           |  P13/P15/L14/R13/T13  |  dedicate  
ARC-1001 : ----------------------------------------------------------------
RUN-1003 : finish command "import_device ph1_35p.db -package PH1P35MDG324 -speed 3" in  1.383762s wall, 1.093750s user + 0.046875s system = 1.140625s CPU (82.4%)

RUN-1004 : used memory is 336 MB, reserved memory is 330 MB, peak memory is 336 MB
RUN-1002 : start command "report_param"
RUN-1001 : Flow stage "flow" with all default parameters.
RUN-1001 : Flow stage "design" with all default parameters.
RUN-1001 : Flow stage "rtl" with all default parameters.
RUN-1001 : Flow stage "gate" with all default parameters.
RUN-1001 : Flow stage "place" with all default parameters.
RUN-1001 : Flow stage "route" with all default parameters.
RUN-1001 : Flow stage "timing" with all default parameters.
RUN-1001 : Flow stage "sim" with all default parameters.
RUN-1001 : Flow stage "bitgen" with all default parameters.
RUN-1002 : start command "read_adc ../../../user_source/constraints_source/pin.adc"
USR-8128 CRITICAL-WARNING: Please import a work model first.

