============================================================
   Tang Dynasty, V6.2.168116
   Copyright (c) 2012-2025 Anlogic Inc.
   Executable = D:/Anlogic/TD_6.2.1_Engineer_6.2.168.116/bin/td_commands_prompt.exe
   Built at =   16:32:07 Jun 12 2025
   Run by =     »ÆÂúöÎ
   Run Date =   Wed Sep  2 09:56:03 2026

   Run on =     LAPTOP-JS31KT7K
============================================================
td > RUN-1002 : start command "create_project -family PH1 -device PH1P35MDG324 -speed -3 reorg_core D:/anlu/work/tmp/td_reorg_core"
PRJ-1005 : Command create_project success.
RUN-1002 : start command "import_device ph1_35p.db -package PH1P35MDG324"
RUN-1001 : Using default speed grade: 3
ARC-1001 : Device Initialization.
ARC-1001 : ----------------------------------------------------------------
ARC-1001 :           OPTION          |          IO           |   SETTING   
ARC-1001 : ----------------------------------------------------------------
ARC-1001 :   non_jtag_persist(none)  |        35 IOs         |    gpio    
ARC-1001 :            jtag           |  P13/P15/L14/R13/T13  |  dedicate  
ARC-1001 : ----------------------------------------------------------------
RUN-1003 : finish command "import_device ph1_35p.db -package PH1P35MDG324" in  1.664596s wall, 1.046875s user + 0.250000s system = 1.296875s CPU (77.9%)

RUN-1004 : used memory is 324 MB, reserved memory is 320 MB, peak memory is 324 MB
RUN-1002 : start command "open_project reorg_core.al"
RUN-1002 : start command "commit_param -step design"
RUN-1001 : Print Global Property
RUN-1001 : -------------------------------------------------------------
RUN-1001 :     Parameters    |   Settings   |  Default Values  |  Note  
RUN-1001 : -------------------------------------------------------------
RUN-1001 :    enable_seed    |     off      |       off        |        
RUN-1001 :    hfn_to_clock   |  1000000000  |    1000000000    |        
RUN-1001 :      message      |   standard   |     standard     |        
RUN-1001 :    qor_monitor    |      on      |        on        |        
RUN-1001 :   speedup_effort  |      0       |        0         |        
RUN-1001 :    syn_ip_flow    |     off      |       off        |        
RUN-1001 :       thread      |     auto     |       auto       |        
RUN-1001 : -------------------------------------------------------------
RUN-1001 : Print Design Property
RUN-1001 : ----------------------------------------------------------------
RUN-1001 :       Parameters       |  Settings  |  Default Values  |  Note  
RUN-1001 : ----------------------------------------------------------------
RUN-1001 :   default_reg_initial  |    auto    |       auto       |        
RUN-1001 :    hdl_warning_level   |   normal   |      normal      |        
RUN-1001 : ----------------------------------------------------------------
WARNING: could not find top-level module/unit; aborting hierarchy tree creation (HIER-1013)
HDL-5007 WARNING: could not find top-level module/unit; aborting hierarchy tree creation
PRJ-1401 : Successfully analyzed 0 source files.
RUN-1003 : finish command "create_project -family PH1 -device PH1P35MDG324 -speed -3 reorg_core D:/anlu/work/tmp/td_reorg_core" in  1.680856s wall, 1.062500s user + 0.250000s system = 1.312500s CPU (78.1%)

RUN-1004 : used memory is 325 MB, reserved memory is 320 MB, peak memory is 325 MB
td > RUN-1002 : start command "read_verilog -file D:/anlu/rtl/user_source/hdl_source/ip/image/image_process_stream_96.v"
HDL-1007 : analyze verilog file D:/anlu/rtl/user_source/hdl_source/ip/image/image_process_stream_96.v
HDL-1007 : elaborate module image_process_stream_96 in D:/anlu/rtl/user_source/hdl_source/ip/image/image_process_stream_96.v(39)
HDL-1007 : extracting RAM for identifier 'gray_line_a' in D:/anlu/rtl/user_source/hdl_source/ip/image/image_process_stream_96.v(66)
HDL-1007 : extracting RAM for identifier 'gray_line_b' in D:/anlu/rtl/user_source/hdl_source/ip/image/image_process_stream_96.v(67)
HDL-1007 : extracting RAM for identifier 'bin_line_a' in D:/anlu/rtl/user_source/hdl_source/ip/image/image_process_stream_96.v(68)
HDL-1007 : extracting RAM for identifier 'bin_line_b' in D:/anlu/rtl/user_source/hdl_source/ip/image/image_process_stream_96.v(69)
HDL-1200 : Current top model is image_process_stream_96
HDL-1100 : Inferred 4 RAMs.
td > RUN-1002 : start command "check_rtl"
td > RUN-1002 : start command "read_verilog -file D:/anlu/rtl/user_source/hdl_source/ip/control/mode_selector.v"
HDL-1007 : analyze verilog file D:/anlu/rtl/user_source/hdl_source/ip/control/mode_selector.v
HDL-1007 : elaborate module mode_selector in D:/anlu/rtl/user_source/hdl_source/ip/control/mode_selector.v(35)
HDL-1200 : Current top model is mode_selector
HDL-1100 : Inferred 0 RAMs.
td > RUN-1002 : start command "check_rtl"
td > RUN-1002 : start command "read_verilog -file D:/anlu/rtl/user_source/hdl_source/ip/image/data96_128/data96_128.v"
HDL-1007 : analyze verilog file D:/anlu/rtl/user_source/hdl_source/ip/image/data96_128/data96_128.v
HDL-1007 : elaborate module data_96bit_to_128bit in D:/anlu/rtl/user_source/hdl_source/ip/image/data96_128/data96_128.v(40)
HDL-1200 : Current top model is data_96bit_to_128bit
HDL-1100 : Inferred 0 RAMs.
td > RUN-1002 : start command "check_rtl"
td > 