============================================================
   Tang Dynasty, V6.2.168116
   Copyright (c) 2012-2025 Anlogic Inc.
   Executable = D:/Anlogic/TD_6.2.1_Engineer_6.2.168.116/bin/td_commands_prompt.exe
   Built at =   16:32:07 Jun 12 2025
   Run by =     »ÆÂúöÎ
   Run Date =   Tue Sep  1 22:05:24 2026

   Run on =     LAPTOP-JS31KT7K
============================================================
RUN-1002 : start command "help"
USR-1002 : set_ip_property -help name value target
USR-1002 : all_clocks -help -o -verbose
USR-1002 : all_inputs -help -o -verbose
USR-1002 : all_outputs -help -o -verbose
USR-1002 : all_registers -help -no_hierarchy -o -verbose
USR-1002 : set_hxt_property -help name value target
USR-1002 : get_clocks -help -nocase -nowarn -quiet -verbose -include_generated_clocks -regexp <string> -filter <string> -of <list> patterns
USR-1002 : create_clock -help -add -name <string> -period <double> -waveform <string> target
USR-1002 : create_generated_clock -help -add -name <string> -source <string> -divide_by <double> -multiply_by <double> -edges <string> -duty_cycle <double> -invert -edge_shift <string> -phase <double> -master_clock <string> target
USR-1002 : derive_pll_clocks -help -gen_basic_clock -instance <list> -ip <string>
USR-1002 : derive_clocks -help -instance <list>
USR-1002 : set_clock_latency -help -clock <list> -rise -fall -early -late -max -min -source delay target
USR-1002 : set_clock_uncertainty -help -setup -hold uncertainty target
USR-1002 : remove_clock -help -name <string>
USR-1002 : set_clock_sense -help -stop_propagation -clocks <list> target
USR-1002 : set_input_delay -help -clock <list> -reference_pin <list> -rise -fall -max -min -clock_fall -source_latency_included -network_latency_included -add_delay delay_value target
USR-1002 : set_output_delay -help -clock <list> -reference_pin <list> -rise -fall -max -min -clock_fall -source_latency_included -network_latency_included -add_delay delay_value target
USR-1002 : remove_input_delay -help -max -min -rise -fall target
USR-1002 : remove_output_delay -help -max -min -rise -fall target
USR-1002 : set_max_delay -help -nowarn -quiet -rise -fall -from <list> -rise_from <list> -fall_from <list> -to <list> -rise_to <list> -fall_to <list> -through <list> -rise_through <list> -fall_through <list> -datapath_only delay
USR-1002 : set_min_delay -help -nowarn -rise -fall -from <list> -rise_from <list> -fall_from <list> -to <list> -rise_to <list> -fall_to <list> -through <list> -rise_through <list> -fall_through <list> delay
USR-1002 : set_multicycle_path -help -setup -hold -start -end -rise -fall -from <list> -rise_from <list> -fall_from <list> -to <list> -rise_to <list> -fall_to <list> -through <list> -rise_through <list> -fall_through <list> multiplier
USR-1002 : set_false_path -help -nowarn -setup -hold -from <list> -rise_from <list> -fall_from <list> -to <list> -rise_to <list> -fall_to <list> -through <list>
USR-1002 : set_max_skew -help -exclude <list> -include <list> -from <list> -from_clock <list> -rise_from_clock <list> -fall_from_clock <list> -to <list> -to_clock <list> -rise_to_clock <list> -fall_to_clock <list> -through <list> skew
USR-1002 : set_clock_groups -help -name <string> -exclusive -asynchronous -group <list> -nowarn
USR-1002 : set_clock_route -help -dedicate target
USR-1002 : set_clock_route_enforce net_name -help
USR-1002 : set_cross_domain_timing -help target
USR-1002 : rename_clock -help -name <string> -source <string> -master_clock <string> target
USR-1002 : set_annotated_check -help -setup -hold -max -min -from <list> -to <list> value
USR-1002 : print_sdc_clock_tree -help -h
USR-1002 : export_sdc_target -help -h -encrypt -file <string>
USR-1002 : export_sdc -help -h -ip -file <string>
USR-1002 : export_ip_sdc -help -h -module <list> -file <string>
USR-1002 : clear_sdc -help -h -user
USR-1002 : clear_user_sdc -help -h
USR-1002 : read_sdc file_name -help -h -ip <string> 
USR-1002 : print_sdc_ui -help -h -file <string>
USR-1002 : set_path_margin -help -group <string> -from <list> -through <list> -to <list> -clock <list> -setup -hold -global margin_value
USR-1002 : reset_path_margin -help -all -group <string>
USR-1002 : report_path_margin -help
USR-1002 : set_path_skew -help -from <list> -rise_from <list> -fall_from <list> -to <list> -rise_to <list> -fall_to <list> -through <list> -rise_through <list> -fall_through <list> -clock_path skew_value
USR-1002 : report_path_skew -help
USR-1002 : set_pin_assignment pin_name assignment -help -h
USR-1002 : set_sippin_assignment pin_name assignment -help -h
USR-1002 : set_ippin_assignment ip_name pin_name assignment -help -h
USR-1002 : set_prpin_assignment target_pin_name assignment -help -h
USR-1002 : set_inst_assignment inst_name assignment -help -h
USR-1002 : set_ipinst_assignment ip_name inst_name assignment -help -h
USR-1002 : set_inst_init_loc inst_name assignment -help -h
USR-1002 : read_adc file_name -trans <string> -help
USR-1002 : clear_adc -help -h
USR-1002 : clear_inst_adc -help -h
USR-1002 : read_ip_adc -ip <string> -file <string> -help
USR-1002 : create_bound bound_name -help -h -verbose -mode <string> -auto_effort <string> -width <integer> -height <integer> -origin <pair> -excluded <list> -reserved -density_ratio <double>
USR-1002 : remove_bound bound_name -help -h
USR-1002 : add_cells_to_bound -help -h -verbose -bound <string> -cells <list> -net <string> -top
USR-1002 : remove_cells_from_bound -help -h -verbose -bound <string> -cells <list>
USR-1002 : add_route_blockage -help -h -col_range <pair> -row_range <pair>
USR-1002 : mask_multi_drive_conn -help -h -sink <string> -sources <list> -all
USR-1002 : program -h -help -mode <string> -s -p -spd <integer> -output <string> -input <string> -error_max <integer> -cable <integer> -r -ss -sps -tckCnt <string> -host_name <string>
USR-1002 : download -h -help -v -d -mode <string> -s -spd <integer> -bit <string> -bas <string> -bit2 <string> -bin <string> -bin2 <string> -hex2 <string> -svf <string> -vec <string> -output <string> -wait <integer> -data_length <integer> -start_addr <string> -rdbk <string> -sec <integer> -cable <integer> -error_max <integer> -chip <string> -golden_lock -total_dev <integer> -cur_dev <integer> -bypass <string> -flashsize <integer> -spi_qe_cmd <string> -spi_qe_data <string> -check_lock -xread -using_golden_feature -host_name <string>
USR-1002 : check_reg -h -help -file <string> -reg <string> -cable <integer> -host_name <string>
USR-1002 : svfgen -h -help -scan_mode <string> -level <integer> -total <integer> -svf <string> -bas <string> -bit <string> -bin <string> -bin2 <string> -hex <string> -hex2 <string>  -opt <string> -tool <string> -len_mode <string> -bg_mode <string> -rf_mode <string> -bypass <string> -merge <list> -programn_pin_low -verify -freq <string> -golden_lock -enable_loop -verify_partial -size <string>  -flashsize <integer> -dis_hir_hdr_tir_tdr -boundary_reg <string> -chip <string> -start_addr <string> -num <integer> -tde -aje -full -mode <string> -usrdata_addr <string> -usrdata <string> -no_id_check -spi_qe_cmd <string> -spi_qe_data <string> -debug -flow <string> -non_burst -stateholdio -using_64k_erase -statehold_bypass_mode <string> -prog_spi_tck <integer> -loc <string> -mc <string> -g <list> -erase_area <string> -flash <string> -header -aje -full -mcu_on
USR-1002 : program_svf -h -help -svf <string> -rdbk <string> -spd <integer> -cable <integer> -host_name <string>
USR-1002 : export_program_log -svf <string>
USR-1002 : read_device_id -level <integer> -total <integer> -bypass <string> -cable <integer> -host_name <string>
USR-1002 : write_phy_data -addr <string> -cable <integer> -host_name <string> value
USR-1002 : read_phy_data -addr <string> -cable <integer> -host_name <string>
USR-1002 : hmac_bit -input <string> -output <string> -hkey_file <string>
USR-1002 : gen_jtag_axis_vec -h -help -w <list> -r <list> -spd <integer> -vec <string> -total_dev <integer> -cur_dev <integer> -chip <string>
USR-1002 : JTAG_AXIS_APB_ACCESS -h -help -w -r -addr <string> -data <string> -spd <integer> -cable <integer> -host_name <string> -total_dev <integer> -cur_dev <integer> -chip <string> -mc <string> -loc <string>
USR-1002 : jtag_adc_access -h -help -w -r -addr <string> -data <string> -spd <integer> -cable <integer> -host_name <string> -total_dev <integer> -cur_dev <integer>
USR-1002 : JTAG_REG_ACCESS -h -help -w -r -addr <string> -data <string> -spd <integer> -cable <integer> -host_name <string> -addr_len <integer> -chip <string> -m <string>
USR-1002 : ps_tap_register_operate -h -help -w -r -addr <string> -data <string> -spd <integer> -cable <integer> -chip <string> -total_dev <integer> -cur_dev <integer>
USR-1002 : JTAG_REG_ACCESS_VEC -h -help -w -r -addr <string> -data <string> -vec <string> -exp <string> -mask <string> -spd <integer> -cable <integer> -host_name <string> -both
USR-1002 : ps_efuse_operate -h -help -w -r -name <string> -data <string> -spd <integer> -cable <integer> -host_name <string> -chip <string> -l <list> -svf <string> -vec <string> -comment -dl -iopll <integer>
USR-1002 : ps_register_operate -h -help -w -r -name <string> -data <string> -spd <integer> -cable <integer> -host_name <string> -chip <string> -l <list> -svf <string> -vec <string> -comment -dl
USR-1002 : read_pvt -h -help -chip <string> -sensor <integer> -type <string> -cable <integer> -host_name <string> -total_dev <integer> -cur_dev <integer>
USR-1002 : get_bit_info -chip <string> -fa <string> -fo <integer> -bit <string> -error <list> -error_file <string> -m <string> -vec <string> -log <string> -wl <integer> -bl <integer> -full_clk_vec -pre_process_log -vec_list <list> -matrix -save_log -rz -real_bl
USR-1002 : huffman_compress -help -in <string> -ttf <string> -huf <string> -decode
USR-1002 : bit_to_vec -h -help -d -v -m <string> -bit <string> -bas <string> -hex <string> -bin <string> -bit2 <string> -svf <string> -vec <string> -chip <string> -data_length <integer> -start_addr <string> -elf_flash -encrypt -encrypt2 -verify -fc -freq <double> -total_dev <integer> -cur_dev <integer> -bypass <string> -flashsize <integer> -rz -fall -no_id_check -dl -sr -spi_qe_cmd <string> -spi_qe_data <string> -xrdbk_using_isc_enable -cont -slt -jtag8 -erase_done -force_dram_mask -print_pcm_comment -freg <string> -sec <integer> -row <integer> -column <integer> -minor <integer> -progress_off -ecc -set_delay <integer> -eram_verify -bg_program -crc_off -delay <integer> -xread -rst_crc
USR-1002 : eram_operate -h -help -bit <string> -bin <string> -read <string> -partial <string> -cable <integer> -host_name <string> -spd <integer> -total <integer> -level <integer> -bypass <string> -svf <string> -err_only -refresh -check_status -chip <string> -frame <integer> -shift <integer> -parse_log <string> -gen_pcm <string> -mode <string> -vec <string> -verify -td_log <string> -uram_adc <string> -fail_eram <string> -gold_eram <string> -crc
USR-1002 : avc_gcap_convert -h -help -avc <string> -out <string> -mode <string> -rz -fall -comment
USR-1002 : gcap -h -help -type <string> -expected <string> -mode <string> -vec <string> -comment
USR-1002 : reformat_pkg -h -help -pkg <string>
USR-1002 : serdes_access -serdes_id <integer> -cable <integer> -host_name <string> -chip <string> -r -w -g <list> -cr <integer> -bit <string> -spd <integer> -total_dev <integer> -cur_dev <integer> -bypass <string>
USR-1002 : gen_partial_bit -bit <string> -bin <string> -output <string> -g <list>
USR-1002 : debug_mode status
USR-1002 : connect_cable -h -help -host_name <string> -allink -current -close -usr_args <string> -open -auto_start -time_out <integer>
USR-1002 : aes_encrypt -h -help -key <string> -key_file <string> -key_exp <string> -plain_bit <string> -plain_bas <string> -plain_bin <string> -encrypt_bit <string> -encrypt_bas <string> -encrypt_bin <string> -hd <string> -id <string> -plain_test <string> -encrypt_test <string>
USR-1002 : encrypt -h -help -mode <string> -key <string> -key_file <string> -key_exp <string> -plain_bit <string> -plain_bas <string> -plain_hex <string> -plain_bin <string> -encrypt_bit <string> -encrypt_bas <string> -encrypt_bin <string> -encrypt_hex <string> -hd <string> -id <string> -plain_test <string> -encrypt_test <string> -hmac_key_file <string>
USR-1002 : merge_dualboot_bit -h -help -bit1 <string> -bit2 <string> -bin <string> -start_addr <string> -chip <string> -header <string> -using_golden_feature
USR-1002 : m_pack_file -h -help -hy <string> -xgn <string> -type <string> -bin <string> -version <string>
USR-1002 : open_project -h -help proj_file -single_run -update -noanalyze
USR-1002 : clean_project -h -help -tag <string> proj_file
USR-1002 : export_sp_prj -h -help
USR-1002 : save_project_as -h -help -force -all -runs -include -name <string> -dir <string>
USR-1002 : report_cfgs -h -help -file <string>
USR-1002 : launch_runs run_name -step <string> -jobs <integer> -h -help
USR-1002 : reset_runs run_name -prev_step -f -h -help
USR-1002 : delete_runs run_name -h -help
USR-1002 : open_run run_name -h -help
USR-1002 : clear_design -h -help
USR-1002 : close_run -h -help
USR-1002 : wait_run run_name -quiet -h -help
USR-1002 : create_run run_name -syn_run <string> -constrset <string> -h -help
USR-1002 : export_bid file_name -h -help
USR-1002 : generate_elaborate_package path -h -help
USR-1002 : add_files -list file -analyze -h -help
USR-1002 : add_dir dir -r -analyze -h -help
USR-1002 : add_include_dir dir -h -help
USR-1002 : add_define defines -h -help
USR-1002 : export_files file -absolute_mode -h -help
USR-1002 : create_project -family <string> -device <string> proj_name proj_dir -h -help -speed <string>
USR-1002 : close_project -h -help
USR-1002 : top_module module_name -h -help
USR-1002 : reset_property -all -h -help
USR-1002 : delete_src_db -h -help
USR-1002 : export_flow_script -run <string> -file <string> -h -help
USR-1002 : create_syn_ip -h -help
USR-1002 : save_design -h -help
USR-1002 : save_best_bits -h -help
USR-1002 : set_seed_param -num <integer> -init <integer> -step <integer> -jobs <integer> -save <integer> -genBit <string> -endStep <string> -disable -random <string> -farm <string> -rwns <double> -pwns <double> -congestion <integer> -filter <string> -ip <string> -queue <string>
USR-1002 : commit_param -h -help -step <string>
USR-1002 : non_default_params -h -help -revert -allParams -run <string>
USR-1002 : report_seed_param 
USR-1002 : add_db_as_src file -h -help
USR-1002 : export_flow_status -s <string> -e <string> -h -help
USR-1002 : export_constrSet path -h -help
USR-1002 : set_strategy -h -help -run <string> name
USR-1002 : help 
USR-1002 : version -number
USR-1002 : set_print_message_level level -help
USR-1002 : get_print_message_level -help
USR-1002 : set_message_suppression tag flag -limit <integer> -help
USR-1002 : set_warning_msg_repeat limit -help
USR-1002 : get_message message_name -file <string> -help
USR-1002 : get_num_thread -help
USR-1002 : import_device db_name -package <string> -speed <string> -basic -ext -help
USR-1002 : export_device db_name -help
USR-1002 : import_db db_name -migrate <string> -comp -link -flatten -mode <string> -inst <string> -check_drc -help
USR-1002 : export_db db_name -mode <string> -model <string> -help
USR-1002 : load_checkpoint db_name -comp -link -flatten -mode <string> -help
USR-1002 : store_checkpoint db_name -mode <string> -model <string> -help
USR-1002 : print_iob_dvalue -file <string>
USR-1002 : hdl_encrypt -help -file <string> -o <string> -lang <string> -merge <string> -key <string> -key_seed <string> -show_module <string>
USR-1002 : resource_encrypt -help -file <string> -test
USR-1002 : read_hdl -help -no_sch -file <string> -dir <string> -include_dir <string> -define <string> -lib <string> -top <string> -verbose <integer> -global_include <string>
USR-1002 : read_verilog -help -other -no_sch -file <string> -dir <string> -include_dir <string> -define <string> -lib <string> -top <string> -verbose <integer> -global_include <string>
USR-1002 : dump_namedb db_name
USR-1002 : dump_hiertree hiertree_name
USR-1002 : write_verilog file_name -help -nolf -hidename -constnet -fm -pinorder -implement -nobuf -root <string> -lib <string> -top <string> -sdf <string> -virtual_commit_pack -show_empty_ports
USR-1002 : optimize_rtl -no_sch -help -debug -nohier -step <string> -params <list> -model <string> -inst <string>
USR-1002 : optimize_gate -help -other -no_sch -only_pad -ip -macrosim <string> -mapsim <string> -maparea <string> -release <string> -packsim <string> -packarea <string>
USR-1002 : report_area -file <string> -help -verbose -io_info -just_io -cross -prim_lut -step <string>
USR-1002 : report_ram_utilization -file <string>
USR-1002 : report_io -file <string> -help -verbose
USR-1002 : export_io -file <string> -help -verbose
USR-1002 : export_adc -file <string> -help -verbose
USR-1002 : fuse_to_hex -h -help -fuse <string> -hex <string> -chip <string> -reverse
USR-1002 : bas_to_hex -h -help -bas <string> -hex <string>
USR-1002 : bin_to_hex -h -help -bin <string> -hex <string>
USR-1002 : pcm_vec_to_hex -h -help -vec <string> -hex <string>
USR-1002 : hex_to_bit -h -help -bit <string> -hex <string>
USR-1002 : get_config_param option_name -chip <string>
USR-1002 : print_no_highz_pins -h -help -chip <string> -all -out <string>
USR-1002 : get_inst_info -g <list>
USR-1002 : bitgen -h -help -max_stream -info -attr_info -log_file <string> -fuse <string> -input_fuse <string> -bit <string> -bas <string> -bin <string> -bmk <string> -bma <string> -gen_mask -entdo -por_off -c -f <string> -g <list> -s -hd <string> -id <string> -version <string> -security -mcu -128 <string> -256 <string> -no_date_info -phy_top -pcie -compress -dispersed -full_0 -hmac -mc <string> -d <string> -enc_mode <string> -key_file <string> -hmac_key_file <string> -config_cr -cfg -cfg_file <string> -m <string> -no_program_done -seu_all -embedded_compress -unused_io_status <string> -check_mf -no_id_check -freg <string> -pcm_based -ipc <list> -hpio_reg <string> -hpio_reg_read <string> -cmac_reg <string> -ecc_modify -close_crc -all_fuse <string> -ecc_info <string> -pcap_bit -ph2_pcie_input <list> -ph2_pcie_output <list> -trim <string> -pcie_100ms_linkup -ip_noop_cfg <string> -essential_insts_file <string> -resource <string> -dram_address <string>
USR-1002 : export_bitgen_param -file <string> -help
USR-1002 : export_tmr_essential_bits -no_tmr_log <string> -tmr_log <string> -out <string>
USR-1002 : start_timer -h -help -prepack -ignore_sdc
USR-1002 : end_timer -h -help
USR-1002 : update_timing -h -help -prepack -enable_crpr <bool> -mode <string> -check_corner <string> -ctr -uniform_lut
USR-1002 : annotate_ph2_slice_delay -h -help
USR-1002 : report_abnormal_timing_target -h -help -file <string>  -nofile
USR-1002 : report_timing_exception -h -help -file <string> -name <string> -ep_num <integer> -path_num <integer> -report_type <string> -viol_only -no_header -nofile
USR-1002 : report_timing_ignored -h -help -file <string> -name <string> -ep_num <integer> -path_num <integer> -report_type <string> -no_header -nofile
USR-1002 : report_annotated_check -h -help -file <string> -no_header
USR-1002 : report_timing_summary -h -help -file <string> -name <string> -ep_num <integer> -path_num <integer> -report_type <string> -include_ignored -viol_only -no_header -nofile
USR-1002 : check_timing -h -help -file <string> -name <string> -verbose -nofile -exclude <list> -override_defaults <list>
USR-1002 : report_logic_level -h -help -name <string> -file <string> -nofile -worst_n <integer> -no_header -path_num
USR-1002 : report_timing_path -h -help -name <string> -ep_num <integer> -path_num <integer> -report_type <string> -file <string> -from <list> -to <list> -through <list> -logic_level -viol_only -no_header -append  -nofile
USR-1002 : report_clock_summary -h -help -mode <string> -file <string> -clocks <list> -name <string> -nofile -levels <integer> -endpoints_only -expand_buckets -suppress_endpoints <string> -append -debug
USR-1002 : report_clock_intersection -h -help -file <string> -name <string> -nofile -delay_type <string> -fast <string> -slow <string> -debug -clocks <list>
USR-1002 : write_sdf -h -help -check_corner <string> -lib_index <unsigned> -file <string>
USR-1002 : analyze -help -other -file <string> -dir <string> -include_dir <string> -define <string> -verbose <integer> -global_include <string>
USR-1002 : preprocess -help -file <string> -out_file <string> -define <string>
USR-1002 : reanalyze -help -file <string> -include_dir <string> -define <string> -global_include <string>
USR-1002 : remove_source -help -file <string> -include_dir <string> -define <string> -global_include <string>
USR-1002 : elaborate -help -other -no_sch -lib <string> -top <string>
USR-1002 : check_io -help
USR-1002 : list_hierarchy -help -top <string>
USR-1002 : print_netlist -help -file <string> -model <string> -inst <string> -net <string> -append
USR-1002 : map_macro -help -debug -nohier -nopad -top <string>
USR-1002 : map -help -debug -nohier -noseq -top <string>
USR-1002 : report_lut_path -help -ep_num <integer> -file <string>
USR-1002 : simplify_boolean_expr -help -file <string>
USR-1002 : create_sop_netlist -help -opt -file <string>
USR-1002 : update_pll_param -help -module <string> -inst <string> -debug
USR-1002 : read_pnl file_name -h -verbose -merge_equal -trans -merge_pnl -ooc <string> -static <string> -file <string> -help
USR-1002 : write_pnl file_name -help -h -g -cro -clk -v -mode <string> -model <string>
USR-1002 : check_multi_drive file_name -help -h
USR-1002 : import_paramlib file_name -help
USR-1002 : import_packlib file_name -help
USR-1002 : check_packlib_arc file_name -module <string> -help
USR-1002 : check_tlib_arc file_name -help
USR-1002 : check_packlib_same_arc file_name -module <string> -help
USR-1002 : import_timinglib file_name -help -speed <string> -lib_index <integer> -multi_hold
USR-1002 : import_gr_timinglib -help -slow <string> -fast <string> -lib_index <integer> -speed <string>
USR-1002 : gen_cmd_import_lib -ifile in_file -ofile out_file
USR-1002 : export_ip_pins -help -ip <string> -speed <string> -file <string>
USR-1002 : import_timingphydata file_name -module <string> -x <integer> -y <integer> -help -corner <string> -pos <string>
USR-1002 : import_mht_delay -help -speed <string> -xsize <integer> -ysize <integer> -quad1 <string> -quad2 <string> -quad3 <string> -quad4 <string>
USR-1002 : import_p2p_mht_delay -help -speed <string> -xsize <integer> -ysize <integer> -quad1 <string> -quad2 <string> -quad3 <string> -quad4 <string> -check
USR-1002 : import_bitlib -import <string> chip_name -help
USR-1002 : import_cfglib -import <string> chip_name -help
USR-1002 : import_clock_liberty file_name -help -slow <string> -fast <string> -lib_index <integer> -ap -row -offset -check -speed <string>
USR-1002 : import_ip2pid_lib file_name -help -file <string> -lib_index <integer> -ap -speed <string>
USR-1002 : import_timing_lib file_name -help -slow <string> -fast <string> -lib_index <interger> -lib_set<integer> -pfb -inst -eram -io -check -min_delay -ap -speed <string> -ddr_phy_apb -device <string>
USR-1002 : check_liberty_timing -lib <string> -file <string> -rule <string> -no_rule -no_sim -help
USR-1002 : report_liberty_clock_path -from <string> -to <string> -file <string> -ap -help
USR-1002 : report_liberty_timing_arc -target <string> -related <string> -file <string> -ap -help
USR-1002 : import_serdes_pin_list file_name -help -tx <string> -rx <string> -ap -speed <string>
USR-1002 : import_serdes_liberty file_name -help -slow <string> -fast <string> -lib_index <integer> -ap -x -y -check -speed <string> -ph2 -no_condition
USR-1002 : import_ip_pin_list -help -ap -ip <string> -file <string> -speed <string>
USR-1002 : import_io_liberty file_name -help -slow <string> -fast <string> -lib_index <integer> -ap -row -offset -check -speed <string> -has_condition
USR-1002 : print_registered_io -help
USR-1002 : merge_multi_corner_lib -speed <string> -all -inst -route
USR-1002 : import_ph2_logiclvl_lib file_name -help -speed <string>
USR-1002 : read_timing_derate_file -help -file -ap
USR-1002 : import_speed_derate -help -file -ap
USR-1002 : set_timing_derate -help -inst <string> -slow_lib <double> -fast_lib <double> -max <double> -min <double> -speed <string> -global -slow -fast
USR-1002 : report_timing_derate -help -file <string>
USR-1002 : set_analysis_corner -help -slow <list> -fast <list>
USR-1002 : reset_analysis_corner -help
USR-1002 : report_analysis_corner -help -all -active
USR-1002 : import_pfb_connection file_name -help -pfb -pmb -ap -speed <string>
USR-1002 : export_pfb_connection file_name -help -origin -pfb -pmb
USR-1002 : import_ph2_clkroute_tlib -help -slow <string> -fast <string> -lib_index <integer> -speed <string>
USR-1002 : import_ph2_clk_wire_delay_lib -help -slow <string> -fast <string> -lib_index <integer> -speed <string>
USR-1002 : import_ph2_clk_wire_vdtk_delay_lib -help -slow <string> -fast <string> -lib_index <integer> -speed <string>
USR-1002 : import_hardwire_tlib -module <string> -help -file <string> -lib_index <integer> -speed <string>
USR-1002 : import_ph2_rsb_tilesizelib -help -slow <string> -fast <string> -speed <string> -lib_index <integer>
USR-1002 : import_ph2_rsb_wiretypelib -help file_name -speed <string>
USR-1002 : import_ph2_rsb_timinglib -help -pxb_type <string> -module <string> -slow <string> -fast <string> -lib_index <integer> -speed <string>
USR-1002 : gen_ph2_rsb_timinglib -help -pxb_type <string> -module <string> -slow <string> -fast <string> -lib_index <integer> -speed <string>
USR-1002 : report_drobj_type -help -file <string>
USR-1002 : report_grobj_type -help -file <string>
USR-1002 : autogen_serdes_import_lib_cmds -infile <string> -outfile <string>
USR-1002 : autogen_io_import_lib_cmds -infile <string> -dir <string> -outfile <string> -module <string>
USR-1002 : autogen_hpiob_import_lib_cmds -infile <string> -dir <string> -outfile <string> -module <string>
USR-1002 : pack -help -other -eco -no_sch -debug -top <string> -type <string>
USR-1002 : legalize_phy_inst -help -debug -top <string> -eco -keep_hier -remove_keep_buffer
USR-1002 : report_iob_timing_diff -iotype <string> -file <string> -help
USR-1002 : report_noise -file <string> -phase <bool> -help
USR-1002 : mif2dat -mif <string> -ip <string> -des <string> -help -fill <string>
USR-1002 : dat2mif -dat <string> -help
USR-1002 : convert_mif_to_init -h -help
USR-1002 : ignore_init -dat <string> -help
USR-1002 : list_devices -help -type <string>
USR-1002 : list_packages -help -type <string>
USR-1002 : query_current_arch -col <integer> -row <integer> -x <integer> -y <integer> -type <string> -blockage -file <string> -svn_info -help
USR-1002 : check_current_arch -help
USR-1002 : query_current_package -fio -lvds -clock_io -mipi -byteline -single_ended -cfg_io -help
USR-1002 : print_device_resource -file <string> -help
USR-1002 : force_keep -h -l -r <list> -a <list>
USR-1002 : check_rtl -help
USR-1002 : eco_lock_design -help
USR-1002 : check_design -help
USR-1002 : list_design -help
USR-1002 : report_wirelength -mode <string> -net <string> -help
USR-1002 : report_imux_utilization -help
USR-1002 : analyze_clock -detail -all
USR-1002 : place -help -eco -keep_pad -export_adc -ignore_route_tracer
USR-1002 : route -help -eco -incremental -verbose
USR-1002 : phys_opt -help -effort <string> -post_place -post_route -mode <string>
USR-1002 : multi_try_route -help -sink <string>
USR-1002 : step3_gp -help -dp <string>
USR-1002 : report_congestion -help -refresh -step <string> -th <string> -line <string> -direction <string> -level <string> -area <string>
USR-1002 : export_congo_file -help -norefresh -step <string> -size <string> -file <string>
USR-1002 : check_plb_attr -help -file file_name
USR-1002 : drc_check -help -place -route -all -verbose
USR-1002 : fix_hold -help -net <string> -clock_opt -buffer_opt -eco
USR-1002 : set_skew_clock_buffers -help -skew_ratio <double> -fanout_ratio <double>
USR-1002 : move_cells -help -inst <string> -location <string> -mode <string> -step <string> -cong_thod <double> -debug
USR-1002 : val_license -h -help -f <string>
USR-1002 : validate_license -h -help -file <string> -feature <string>
USR-1002 : set_device_info -h -help file_name
USR-1002 : filter_node -h -help -name <string> -filter <string> -model <string> -file <string>
USR-1002 : list_bram -h -help -device <string> -cable <integer> -host_name <string>
USR-1002 : rdbk_bram -h -help -bram <string> -dir <string> -device <string> -out -cable <integer> -total_dev <integer> -cur_dev <integer> -bypass <string> -host_name <string> -spd <integer>
USR-1002 : rdbk_bram18 -h -help -bram <string> -dir <string> -device <string> -out -cable <integer> -total_dev <integer> -cur_dev <integer> -bypass <string> -host_name <string> -spd <integer>
USR-1002 : rdbk_bram20 -h -help -bram <string> -dir <string> -device <string> -out -cable <integer> -axis -total_dev <integer> -cur_dev <integer> -bypass <string> -chip <string> -host_name <string> -spd <integer>
USR-1002 : rdbk_bram32 -h -help -bram <string> -dir <string> -device <string> -out -cable <integer> -total_dev <integer> -cur_dev <integer> -bypass <string> -host_name <string> -spd <integer>
USR-1002 : write_bram -h -help -bram <string> -input <string> -device <string> -cable <integer> -total_dev <integer> -cur_dev <integer> -bypass <string> -host_name <string>
USR-1002 : write_bram18 -h -help -bram <string> -input <string> -device <string> -cable <integer> -total_dev <integer> -cur_dev <integer> -bypass <string> -host_name <string>
USR-1002 : write_bram20 -h -help -bram <string> -input <string> -device <string> -cable <integer> -logic -axis -total_dev <integer> -cur_dev <integer> -bypass <string> -host_name <string>
USR-1002 : write_bram32 -h -help -bram <string> -input <string> -device <string> -cable <integer> -total_dev <integer> -cur_dev <integer> -bypass <string> -host_name <string>
USR-1002 : add_probe -h -help -src <string> -pin <string> -loc <string> -reg -clk <string> -rst <string>
USR-1002 : delete_probe -h -help probe_name
USR-1002 : enable_probe -h -help probe_name
USR-1002 : disable_probe -h -help probe_name
USR-1002 : compile_probe -h -help
USR-1002 : import_chipprobe_config -h -help cfg_file
USR-1002 : export_chipprobe_config -h -help cfg_file
USR-1002 : config_chipwatcher -h -help -sp -sync -dir <string> file_name -init_filter
USR-1002 : export_chipwatcher -h -help -sp -dir <string> file_name -add_bid
USR-1002 : compile_watcher -h -help -ucode <string>
USR-1002 : report_cwc_status -help
USR-1002 : insert_debugger dir -cwc <string> -mdn <string> -h -help
USR-1002 : setup_debugger dir -help -bit <string>
USR-1002 : mark_debug -h -help nets
USR-1002 : unmark_debug -h -help nets
USR-1002 : write_vpi_reg -chip <string> -reg_val <string> -name <string>
USR-1002 : read_vpi_reg -chip <string> -name <string>
USR-1002 : set_param step_name param_name param_value -run <string> -help -projmngr
USR-1002 : get_param step_name param_name -run <string> -help
USR-1002 : set_device_param -h -help param_name param_value
USR-1002 : get_device_param -h -help param_name
USR-1002 : report_param -h -help -stage <string> -detail -all -file <string>
USR-1002 : clear_param -h -help
USR-1002 : print_net id -help
USR-1002 : set_clock_net net_name -clear -help -bank <integer> -bufg
USR-1002 : set_tielow_net net_name -clear -help
USR-1002 : set_net_weight net_name weight -help
USR-1002 : set_inflation_weight -inst <string> -value <float>
USR-1002 : report_route_status -help -fanout_stat -gr_trace -drc -remove_invalid_route -rsmt -file <string> -route_type <string> -limit <string> -net_slack_threshold <integer>
USR-1002 : report_cells op_objects -help -connection -pin_loc -mode <string> -timing -hold
USR-1002 : report_bounds objects -help -all
USR-1002 : report_nets op_objects -help -connection -equivalent -hierarchy -rsmt -gr -dr -mode <string> -timing -hold -pin_display_limit <integer> -of_pins <string> -long_net_threshold <integer> -long_net_distribution
USR-1002 : report_hierarchy_stats objects -help -list
USR-1002 : read_pcie_configuration_file -file <name> -outfile <name> -type <type>
USR-1002 : read_cgmac_configuration_file -file <name> -outfile <name>
USR-1002 : write_serdes_file -outfile <name>
USR-1002 : set_inst_attr -model_name <name> -model<name> -inst <name> -attr_key <name> -attr_value <name>
USR-1002 : unset_inst_attr -model_name <name> -model<name> -inst <name> -attr_key <name>
USR-1002 : connect_inst_pin -model<name> -inst <name> -pin <name> -net <name>
USR-1002 : disconnect_inst_pin -model_name <name> -model<name> -inst <name> -pin <name>
USR-1002 : change_port_name -model_name <name> -port_name <name> -change_name <name>
USR-1002 : change_port_tag -model_name <name> -port_name <name> -tag <name>
USR-1002 : dump_checkpoint -i <string> -o <string> -detail <string> -keep_others -help -h -msg
USR-1002 : dump_device -i <string> -o <string> -detail <string> -keep_others -help -h -ext
USR-1002 : list_property object -quiet
USR-1002 : report_property -quiet -class <string> object
USR-1002 : get_property -verbose -quiet -nowarn -min -max name object
USR-1002 : set_property name value object -quiet -nowarn
USR-1002 : get_cells -hier -verbose -quiet -nowarn -regexp <string> -nocase -filter <string> -path <string> -of <list> patterns -full_hier
USR-1002 : get_regs -hier -verbose -quiet -nowarn -regexp <string> -nocase -filter <string> -path <string> -of <list> patterns -full_hier
USR-1002 : get_nets -hier -verbose -quiet -nowarn -regexp <string> -nocase -filter <string> -path <string> -of <list> patterns -full_hier
USR-1002 : get_pins -hier -verbose -quiet -nowarn -regexp <string> -nocase -filter <string> -path <string> -of <list> patterns -full_hier
USR-1002 : get_ports -verbose -quiet -nowarn -nocase patterns
USR-1002 : get_models -verbose -quiet -nowarn -lib <string> -filter <string> -nocase patterns
USR-1002 : get_files -verbose -quiet -nowarn -nocase patterns
USR-1002 : get_phy_models 
USR-1002 : connect_net -quiet -owner <object> -net <string> -objects <string>
USR-1002 : disconnect_net -quiet -owner <object> -net <string> -objects <string> -cells <list>
USR-1002 : create_net -quiet -owner <object> -from <integer> -to <integer> name
USR-1002 : remove_net -quiet -owner <object> name
USR-1002 : create_cell -quiet -owner <object> -ref <string> name
USR-1002 : remove_cell -quiet -owner <object> name
USR-1002 : create_model -lib <string> -type <string> -in_ports <list> -out_ports <list> -inout_ports <list> name
USR-1002 : remove_model -lib <string> name
USR-1002 : add_directive -net <string> -inst <string> -model <string> -key <string> -value <string>
USR-1002 : report_design_cell_num -hier -top <integer> -ref <string>
USR-1002 : set_insts_bound pattern -bound <integer> -remove
USR-1002 : dump_name_corr_svf 
USR-1002 : test_name_corr 
USR-1002 : clean_name_corr 
USR-1002 : modify_netlist_from_db 
USR-1002 : write_csv file_name
USR-1002 : write_nets file_name
USR-1002 : generate_simulation -package <string> -vlog_file <string> -vlog_top <string>
USR-1002 : generate_serdes -package <string> -analyze_file <string>
USR-1002 : generate_gate -package <string> -vlog_file <string> -vlog_top <string> -sdc_file <string> -sdc_map_file <string>
USR-1002 : process_vlog_files -vlog_top_file <string> -vlog_infer_file <string> -vlog_ecc_file <string> -username <string> -ip_type <string> -component_name <string>
USR-1002 : build_power_graph fileName -debug
USR-1002 : import_power_lib fileName
USR-1002 : export_power_lib fileName -proc <string>
USR-1002 : create_power_report -report <string> -path <string> -proc <string> -amb <string> -airFlow <string> -junc <string> -overwrite -R <string> -saif <string> -defTogg <string> -vccd <string> -vcca <string> -v33 <string> -v25 <string> -v18 <string> -v15 <string> -v135 <string> -v12 <string> -pvcct <string> -pvcca <string>
USR-1002 : annotate_power_report -report <string>
USR-1002 : calculate_power -report <string>
USR-1002 : export_power_report -report <string>
USR-1002 : generate_estimator_cfg -report <string>
USR-1002 : generate_text_report -report <string>
