============================================================
   Tang Dynasty, V6.2.168116
   Copyright (c) 2012-2025 Anlogic Inc.
   Executable = D:/Anlogic/TD_6.2.1_Engineer_6.2.168.116/bin/run.exe
   Built at =   16:32:07 Jun 12 2025
   Run by =     »ÆÂúöÎ
   Run Date =   Mon Sep 14 22:12:51 2026

   Run on =     LAPTOP-JS31KT7K
============================================================
RUN-1002 : start command "import_device ph1_35p.db -package PH1P35MDG324 -speed 3"
ARC-1001 : Device Initialization.
ARC-1001 : ----------------------------------------------------------------
ARC-1001 :           OPTION          |          IO           |   SETTING   
ARC-1001 : ----------------------------------------------------------------
ARC-1001 :   non_jtag_persist(none)  |        35 IOs         |    gpio    
ARC-1001 :            jtag           |  P13/P15/L14/R13/T13  |  dedicate  
ARC-1001 : ----------------------------------------------------------------
RUN-1003 : finish command "import_device ph1_35p.db -package PH1P35MDG324 -speed 3" in  1.672117s wall, 1.281250s user + 0.093750s system = 1.375000s CPU (82.2%)

RUN-1004 : used memory is 324 MB, reserved memory is 321 MB, peak memory is 324 MB
RUN-1002 : start command "open_project traffic_sign_td.prj -noanalyze"
RUN-1002 : start command "import_db ./traffic_sign_td_gate.db"
RUN-1001 : Importing database generated by Tang Dynasty, V6.2.168116.
RUN-1001 : Database version number 46207
RUN-1001 : Import flow parameters
RUN-1001 : Import netlist
RUN-1001 : Import timing constraints
RUN-1001 : Import IO constraints
RUN-1001 : Import Inst constraints
RUN-1001 : Import ChipWatcher
RUN-1001 : Import design success TD_VERSION=6.2.168116 , DB_VERSION=46207
RUN-1003 : finish command "import_db ./traffic_sign_td_gate.db" in  1.130785s wall, 0.453125s user + 0.046875s system = 0.500000s CPU (44.2%)

RUN-1004 : used memory is 590 MB, reserved memory is 587 MB, peak memory is 590 MB
RUN-1002 : start command "commit_param -step place"
RUN-1001 : Print Global Property
RUN-1001 : -------------------------------------------------------------
RUN-1001 :     Parameters    |   Settings   |  Default Values  |  Note  
RUN-1001 : -------------------------------------------------------------
RUN-1001 :    enable_seed    |     off      |       off        |        
RUN-1001 :    hfn_to_clock   |  1000000000  |    1000000000    |        
RUN-1001 :      message      |   standard   |     standard     |        
RUN-1001 :    qor_monitor    |      on      |        on        |        
RUN-1001 :   speedup_effort  |      0       |        0         |        
RUN-1001 :    syn_ip_flow    |     off      |       off        |        
RUN-1001 :       thread      |     auto     |       auto       |        
RUN-1001 : -------------------------------------------------------------
RUN-1001 : Print Place Property
RUN-1001 : ---------------------------------------------------------------
RUN-1001 :       Parameters      |  Settings  |  Default Values  |  Note  
RUN-1001 : ---------------------------------------------------------------
RUN-1001 :         effort        |   medium   |      medium      |        
RUN-1001 :     hfn_opt_effort    |   medium   |      medium      |        
RUN-1001 :    logic_level_opt    |    off     |       off        |        
RUN-1001 :   macro_performance   |    auto    |       auto       |        
RUN-1001 :       max_fanout      |   999999   |      999999      |        
RUN-1001 :       opt_timing      |   medium   |      medium      |        
RUN-1001 :     post_place_opt    |    auto    |       auto       |        
RUN-1001 :      pr_strategy      |     1      |        1         |        
RUN-1001 :   preplace_floorplan  |    off     |       off        |        
RUN-1001 : ---------------------------------------------------------------
RUN-1002 : start command "insert_debugger"
RUN-1002 : start command "place"
RUN-1001 : Open license file D:/Anlogic/TD_6.2.1_Engineer_6.2.168.116/license/Anlogic.lic
PHY-3001 : Placer runs in 32 thread(s).
PHY-1001 : Stage 1 | Initialize Design
PHY-1001 : Stage 1.1 | Build Design
PHY-1001 : 13384 luts, 14926 seqs, 728 mslices, 3819 lslices, 54 pads, 30 brams, 21 dsps
RUN-1002 : start command "legalize_phy_inst"
SYN-1011 : Flatten model design_top_wrapper
SYN-1001 : ADC: Instance "u_ph1p35_324_ddr_wrapper/u_ddr2/ph1p_ddrmc_wrapper/ph1p_ddrmc_top/u_ddr_phy/u_ddrphy_top/u_ddrphy/ac_byte[0]$ac_byte_used$u_ddrphy_ac_byte_wrapper/u_ddrphy_byte" LOCATION="X0Y70Z0"
SYN-1001 : ADC: Instance "u_ph1p35_324_ddr_wrapper/u_ddr2/ph1p_ddrmc_wrapper/ph1p_ddrmc_top/u_ddr_phy/u_ddrphy_top/u_ddrphy/ac_byte[1]$ac_byte_used$u_ddrphy_ac_byte_wrapper/u_ddrphy_byte" LOCATION="X0Y60Z0"
SYN-1001 : ADC: Instance "u_ph1p35_324_ddr_wrapper/u_ddr2/ph1p_ddrmc_wrapper/ph1p_ddrmc_top/u_ddr_phy/u_ddrphy_top/u_ddrphy/ac_byte[2]$ac_byte_used$u_ddrphy_ac_byte_wrapper/u_ddrphy_byte" LOCATION="X0Y50Z0"
SYN-1001 : ADC: Instance "u_ph1p35_324_ddr_wrapper/u_ddr2/ph1p_ddrmc_wrapper/ph1p_ddrmc_top/u_ddr_phy/u_ddrphy_top/u_ddrphy/ac_byte[3]$ac_byte_used$u_ddrphy_ac_byte_wrapper/u_ddrphy_byte" LOCATION="X0Y40Z0"
SYN-1001 : ADC: Instance "u_ph1p35_324_ddr_wrapper/u_ddr2/ph1p_ddrmc_wrapper/ph1p_ddrmc_top/u_ddr_phy/u_ddrphy_top/u_ddrphy/bkref[0]$u_ddrphy_bankref" LOCATION="X0Y19Z0"
SYN-1001 : ADC: Instance "u_ph1p35_324_ddr_wrapper/u_ddr2/ph1p_ddrmc_wrapper/ph1p_ddrmc_top/u_ddr_phy/u_ddrphy_top/u_ddrphy/bkref[1]$u_ddrphy_bankref" LOCATION="X0Y59Z0"
SYN-1001 : ADC: Instance "u_ph1p35_324_ddr_wrapper/u_ddr2/ph1p_ddrmc_wrapper/ph1p_ddrmc_top/u_ddr_phy/u_ddrphy_top/u_ddrphy/dx_byte[0]$dx_byte_used$u_ddrphy_dx_byte_wrapper/u_ddrphy_byte" LOCATION="X0Y30Z0"
SYN-1001 : ADC: Instance "u_ph1p35_324_ddr_wrapper/u_ddr2/ph1p_ddrmc_wrapper/ph1p_ddrmc_top/u_ddr_phy/u_ddrphy_top/u_ddrphy/dx_byte[1]$dx_byte_used$u_ddrphy_dx_byte_wrapper/u_ddrphy_byte" LOCATION="X0Y10Z0"
SYN-1001 : ADC: Instance "u_ph1p35_324_ddr_wrapper/u_ddr2/ph1p_ddrmc_wrapper/ph1p_ddrmc_top/u_ddr_phy/u_ddrphy_top/u_ddrphy_clk/ioclk[0]$u_ioclk_0" LOCATION="X0Y59Z0"
SYN-1001 : ADC: Instance "u_ph1p35_324_ddr_wrapper/u_ddr2/ph1p_ddrmc_wrapper/ph1p_ddrmc_top/u_ddr_phy/u_ddrphy_top/u_ddrphy_clk/ioclk[0]$u_ioclk_1" LOCATION="X0Y59Z1"
SYN-1001 : ADC: Instance "u_ph1p35_324_ddr_wrapper/u_ddr2/ph1p_ddrmc_wrapper/ph1p_ddrmc_top/u_ddr_phy/u_ddrphy_top/u_ddrphy_clk/ioclk[1]$u_ioclk_0" LOCATION="X0Y19Z0"
SYN-1001 : ADC: Instance "u_ph1p35_324_ddr_wrapper/u_ddr2/ph1p_ddrmc_wrapper/ph1p_ddrmc_top/u_ddr_phy/u_ddrphy_top/u_ddrphy_clk/ioclk[1]$u_ioclk_1" LOCATION="X0Y19Z1"
SYN-1001 : ADC: Instance "u_ph1p35_324_ddr_wrapper/u_ddr2/ph1p_ddrmc_wrapper/ph1p_ddrmc_top/u_ddr_phy/u_ddrphy_top/u_ddrphy_clk/u_mlclk_1" LOCATION="X0Y59Z0"
SYN-1001 : ADC: Instance "u_ph1p35_324_ddr_wrapper/u_ddr2/ph1p_ddrmc_wrapper/ph1p_ddrmc_top/u_ddr_phy/u_ddrphy_top/u_ddrphy_clk/u_mlclk_2" LOCATION="X0Y59Z1"
SYN-1001 : ADC: Instance "u_ph1p35_324_ddr_wrapper/u_ddr2/ph1p_ddrmc_wrapper/ph1p_ddrmc_top/u_ddr_phy/u_ddrphy_top/u_ddrphy_clk/u_pll0/u_pll_inst" LOCATION="X0Y40Z0"
SYN-1001 : ADC: Instance "u_ph1p35_324_ddr_wrapper/u_ddr2/ph1p_ddrmc_wrapper/ph1p_ddrmc_top/u_ddr_phy/u_ddrphy_top/u_ddrphy_clk/u_pll1/u_pll_inst" LOCATION="X0Y79Z0"
PHY-1001 : Remove keep and sweep redundant instances ...
PHY-1001 : 13069 luts, 14584 seqs, 728 mslices, 3788 lslices, 54 pads, 30 brams, 21 dsps
PHY-1001 : End Stage 1.1 | Build Design; Time: 0.377672s wall, 0.343750s user + 0.000000s system = 0.343750s CPU (91.0%); Memory(MB): used = 592, reserved = 587, peak = 592;

PHY-1001 : Stage 1.2 | Optimize Design
OPT-1001 : Stage 1.2.1 | Simplify Lut
OPT-1001 : End Stage 1.2.1 | Simplify Lut; Time: 0.071448s wall, 0.078125s user + 0.000000s system = 0.078125s CPU (109.3%); Memory(MB): used = 592, reserved = 587, peak = 592;

OPT-1001 : Stage 1.2.2 | Sweep
OPT-1001 : End Stage 1.2.2 | Sweep; Time: 0.024719s wall, 0.015625s user + 0.000000s system = 0.015625s CPU (63.2%); Memory(MB): used = 592, reserved = 587, peak = 592;

OPT-1001 : Stage 1.2.3 | Merge Lut
OPT-1001 : Start remap optimization ...
RUN-1001 :   Added 0 lut1 for undup drivers
OPT-1001 : skip lut merge since lut number 13067 is similar to or less than reg number 14584
OPT-1001 : End Stage 1.2.3 | Merge Lut; Time: 0.035598s wall, 0.046875s user + 0.000000s system = 0.046875s CPU (131.7%); Memory(MB): used = 592, reserved = 587, peak = 592;

OPT-1001 : Stage 1.2.4 | Synthesize High-fanout Net
OPT-1001 : Start high-fanout net optimization in pre-place flow with medium effort ...
RUN-1001 : HFN opt statistic
RUN-1001 : ------------------------------------------------------
RUN-1001 :   DriverCell type  |  HFN count  |  Duplicated count  
RUN-1001 : ------------------------------------------------------
RUN-1001 :       LSLICE       |      0      |         0          
RUN-1001 :       MSLICE       |      0      |         0          
RUN-1001 :        TOTAL       |      0      |         0          
RUN-1001 : ------------------------------------------------------
OPT-1001 : End high-fanout net optimization;  0.000058s wall, 0.000000s user + 0.000000s system = 0.000000s CPU (n/a%)

OPT-1001 : Current memory(MB): used = 592, reserved = 587, peak = 592.
OPT-1001 : End Stage 1.2.4 | Synthesize High-fanout Net; Time: 0.000123s wall, 0.000000s user + 0.000000s system = 0.000000s CPU (n/a%); Memory(MB): used = 592, reserved = 587, peak = 592;

OPT-1001 : End physical optimization;  0.132129s wall, 0.140625s user + 0.000000s system = 0.140625s CPU (106.4%)

PHY-1001 : End Stage 1.2 | Optimize Design; Time: 0.132189s wall, 0.140625s user + 0.000000s system = 0.140625s CPU (106.4%); Memory(MB): used = 592, reserved = 587, peak = 592;

PHY-1001 : Stage 1.3 | Initialize Clock
PHY-1001 : Start to synthesize physical clock networks.
RUN-1002 : start command "start_timer"
USR-1002 : Derived clock:  create_generated_clock -name {u_PLL/ph1p_phy_pll_wrapper_25a56e5ce2f9_Inst/u_PH1P_PHY_PLL.clkc[0]} -source [get_ports {I_sys_clk}] -master_clock {sys_clk_50m} -multiply_by 2.0000 -duty_cycle 50.0000 [get_pins {u_PLL/ph1p_phy_pll_wrapper_25a56e5ce2f9_Inst/u_PH1P_PHY_PLL.clkc[0]}]
USR-1002 : Derived clock:  create_generated_clock -name {u_PLL/ph1p_phy_pll_wrapper_25a56e5ce2f9_Inst/u_PH1P_PHY_PLL.clkc[1]} -source [get_ports {I_sys_clk}] -master_clock {sys_clk_50m} -divide_by 2.0769 -duty_cycle 50.0000 [get_pins {u_PLL/ph1p_phy_pll_wrapper_25a56e5ce2f9_Inst/u_PH1P_PHY_PLL.clkc[1]}]
USR-1002 : Derived clock:  create_generated_clock -name {u_PLL/ph1p_phy_pll_wrapper_25a56e5ce2f9_Inst/u_PH1P_PHY_PLL.clkc[4]} -source [get_ports {I_sys_clk}] -master_clock {sys_clk_50m} -multiply_by 1.0400 -duty_cycle 50.0000 [get_pins {u_PLL/ph1p_phy_pll_wrapper_25a56e5ce2f9_Inst/u_PH1P_PHY_PLL.clkc[4]}]
USR-1002 : Derived clock:  create_generated_clock -name {u_PLL/ph1p_phy_pll_wrapper_25a56e5ce2f9_Inst/u_PH1P_PHY_PLL.clkc[5]} -source [get_ports {I_sys_clk}] -master_clock {sys_clk_50m} -multiply_by 5.2000 -duty_cycle 50.0000 [get_pins {u_PLL/ph1p_phy_pll_wrapper_25a56e5ce2f9_Inst/u_PH1P_PHY_PLL.clkc[5]}]
USR-1002 : Derived clock:  create_generated_clock -name {u_ph1p35_324_ddr_wrapper/u_ddr2/ph1p_ddrmc_wrapper/ph1p_ddrmc_top/u_ddr_phy/u_ddrphy_top/u_ddrphy_clk/u_pll0/u_pll_inst.clkc[0]} -source [get_ports {I_sys_clk}] -master_clock {sys_clk_50m} -multiply_by 1.3333 -duty_cycle 50.0000 [get_pins {u_ph1p35_324_ddr_wrapper/u_ddr2/ph1p_ddrmc_wrapper/ph1p_ddrmc_top/u_ddr_phy/u_ddrphy_top/u_ddrphy_clk/u_pll0/u_pll_inst.clkc[0]}]
USR-1002 : Derived clock:  create_generated_clock -name {u_ph1p35_324_ddr_wrapper/u_ddr2/ph1p_ddrmc_wrapper/ph1p_ddrmc_top/u_ddr_phy/u_ddrphy_top/u_ddrphy_clk/u_pll0/u_pll_inst.clkc[1]} -source [get_ports {I_sys_clk}] -master_clock {sys_clk_50m} -multiply_by 1.3333 -duty_cycle 50.0000 [get_pins {u_ph1p35_324_ddr_wrapper/u_ddr2/ph1p_ddrmc_wrapper/ph1p_ddrmc_top/u_ddr_phy/u_ddrphy_top/u_ddrphy_clk/u_pll0/u_pll_inst.clkc[1]}]
USR-1002 : Derived clock:  create_generated_clock -name {u_ph1p35_324_ddr_wrapper/u_ddr2/ph1p_ddrmc_wrapper/ph1p_ddrmc_top/u_ddr_phy/u_ddrphy_top/u_ddrphy_clk/u_pll0/u_pll_inst.clkc[2]} -source [get_ports {I_sys_clk}] -master_clock {sys_clk_50m} -multiply_by 5.3333 -duty_cycle 50.0000 [get_pins {u_ph1p35_324_ddr_wrapper/u_ddr2/ph1p_ddrmc_wrapper/ph1p_ddrmc_top/u_ddr_phy/u_ddrphy_top/u_ddrphy_clk/u_pll0/u_pll_inst.clkc[2]}]
USR-1002 : Derived clock:  create_generated_clock -name {u_ph1p35_324_ddr_wrapper/u_ddr2/ph1p_ddrmc_wrapper/ph1p_ddrmc_top/u_ddr_phy/u_ddrphy_top/u_ddrphy_clk/u_pll0/u_pll_inst.clkc[3]} -source [get_ports {I_sys_clk}] -master_clock {sys_clk_50m} -divide_by 1.9687 -duty_cycle 50.0000 [get_pins {u_ph1p35_324_ddr_wrapper/u_ddr2/ph1p_ddrmc_wrapper/ph1p_ddrmc_top/u_ddr_phy/u_ddrphy_top/u_ddrphy_clk/u_pll0/u_pll_inst.clkc[3]}]
USR-1002 : Derived clock:  create_generated_clock -name {u_ph1p35_324_ddr_wrapper/u_ddr2/ph1p_ddrmc_wrapper/ph1p_ddrmc_top/u_ddr_phy/u_ddrphy_top/u_ddrphy_clk/u_pll1/u_pll_inst.clkc[0]} -source [get_pins {u_ph1p35_324_ddr_wrapper/u_ddr2/ph1p_ddrmc_wrapper/ph1p_ddrmc_top/u_ddr_phy/u_ddrphy_top/u_ddrphy_clk/u_pll0/u_pll_inst.clkc[0]}] -master_clock {u_ph1p35_324_ddr_wrapper/u_ddr2/ph1p_ddrmc_wrapper/ph1p_ddrmc_top/u_ddr_phy/u_ddrphy_top/u_ddrphy_clk/u_pll0/u_pll_inst.clkc[0]} -multiply_by 1.0000 -duty_cycle 50.0000 [get_pins {u_ph1p35_324_ddr_wrapper/u_ddr2/ph1p_ddrmc_wrapper/ph1p_ddrmc_top/u_ddr_phy/u_ddrphy_top/u_ddrphy_clk/u_pll1/u_pll_inst.clkc[0]}]
8.888000
15.000000
15.000000
19.230000
RUN-1003 : finish command "start_timer" in  2.219660s wall, 2.093750s user + 0.046875s system = 2.140625s CPU (96.4%)

RUN-1004 : used memory is 810 MB, reserved memory is 803 MB, peak memory is 810 MB
TMR-2502 : Net delay update with mode: Synthesized
PHY-5060 CRITICAL-WARNING: Clock net candidate u_uicfgcs500/uii2c_inst/scl_clk has mixed fanouts of 1 clock pins; 2 data/ctrl pins. Please check connection of the net in design.
PHY-5060 CRITICAL-WARNING: Clock net candidate O_cam_24m_syn_3 has mixed fanouts of 83 clock pins; 1 data/ctrl pins. Please check connection of the net in design.
PHY-1001 : Populate physical database on model design_top_wrapper.
RUN-1001 : There are total 32422 instances
RUN-0007 : 13067 luts, 14584 seqs, 728 mslices, 3788 lslices, 54 pads, 30 brams, 21 dsps
RUN-1001 : There are total 45144 nets
RUN-1001 : 31115 nets have 2 pins
RUN-1001 : 10767 nets have [3 - 5] pins
RUN-1001 : 2420 nets have [6 - 10] pins
RUN-1001 : 462 nets have [11 - 20] pins
RUN-1001 : 302 nets have [21 - 99] pins
RUN-1001 : 78 nets have 100+ pins
PHY-1001 : Start to check user instance location assignments; please refer to ADC constraint.
PHY-1001 : End Stage 1.3 | Initialize Clock; Time: 3.612028s wall, 3.437500s user + 0.078125s system = 3.515625s CPU (97.3%); Memory(MB): used = 906, reserved = 898, peak = 906;

PHY-1001 : End Stage 1 | Initialize Design; Time: 4.161346s wall, 3.953125s user + 0.078125s system = 4.031250s CPU (96.9%); Memory(MB): used = 906, reserved = 898, peak = 906;

PHY-1001 : Stage 2 | Global Placement
RUN-1001 : Report Control nets information:
RUN-1001 : DFF Distribution
RUN-1001 : -------------------------------------
RUN-1001 :   CE   |  SSR  |  ASR  |  DFF Count  
RUN-1001 : -------------------------------------
RUN-1001 :   No   |  No   |  No   |    6686     
RUN-1001 :   No   |  No   |  Yes  |    4615     
RUN-1001 :   No   |  Yes  |  No   |     217     
RUN-1001 :   Yes  |  No   |  No   |     424     
RUN-1001 :   Yes  |  No   |  Yes  |    2720     
RUN-1001 :   Yes  |  Yes  |  No   |     146     
RUN-1001 : -------------------------------------
RUN-1001 : Control Group Statistic
RUN-1001 : -----------------------------
RUN-1001 :   #CLK  |  #CE  |  #SSR/ASR  
RUN-1001 : -----------------------------
RUN-1001 :    9    |  127  |     26     
RUN-1001 : -----------------------------
RUN-0007 : Control Set = 163
PHY-1001 : Stage 2.1 | Place Fixed Instances
PHY-1001 : Processing 2 clock pins of DDR instance u_ph1p35_324_ddr_wrapper/u_ddr2/ph1p_ddrmc_wrapper/ph1p_ddrmc_top/u_ddr_phy/u_ddrphy_top/u_ddrphy/ac_byte[0]$ac_byte_used$u_ddrphy_ac_byte_wrapper/u_ddrphy_byte, location = x0y70z0.
PHY-1001 :   User location X0Y59Z1 of ioclk instance u_ph1p35_324_ddr_wrapper/u_ddr2/ph1p_ddrmc_wrapper/ph1p_ddrmc_top/u_ddr_phy/u_ddrphy_top/u_ddrphy_clk/ioclk[0]$u_ioclk_1.
PHY-1001 :   Placement of ioclk instance u_ph1p35_324_ddr_wrapper/u_ddr2/ph1p_ddrmc_wrapper/ph1p_ddrmc_top/u_ddr_phy/u_ddrphy_top/u_ddrphy_clk/ioclk[0]$u_ioclk_1; location = x0y59z1.
PHY-1001 :   User location X0Y59Z0 of ioclk instance u_ph1p35_324_ddr_wrapper/u_ddr2/ph1p_ddrmc_wrapper/ph1p_ddrmc_top/u_ddr_phy/u_ddrphy_top/u_ddrphy_clk/ioclk[0]$u_ioclk_0.
PHY-1001 :   Placement of ioclk instance u_ph1p35_324_ddr_wrapper/u_ddr2/ph1p_ddrmc_wrapper/ph1p_ddrmc_top/u_ddr_phy/u_ddrphy_top/u_ddrphy_clk/ioclk[0]$u_ioclk_0; location = x0y59z0.
PHY-1001 : Processing 2 clock pins of DDR instance u_ph1p35_324_ddr_wrapper/u_ddr2/ph1p_ddrmc_wrapper/ph1p_ddrmc_top/u_ddr_phy/u_ddrphy_top/u_ddrphy/ac_byte[1]$ac_byte_used$u_ddrphy_ac_byte_wrapper/u_ddrphy_byte, location = x0y60z0.
PHY-1001 :   Placed ioclk instance u_ph1p35_324_ddr_wrapper/u_ddr2/ph1p_ddrmc_wrapper/ph1p_ddrmc_top/u_ddr_phy/u_ddrphy_top/u_ddrphy_clk/ioclk[0]$u_ioclk_1, location = x0y59z1.
PHY-1001 :   Placed ioclk instance u_ph1p35_324_ddr_wrapper/u_ddr2/ph1p_ddrmc_wrapper/ph1p_ddrmc_top/u_ddr_phy/u_ddrphy_top/u_ddrphy_clk/ioclk[0]$u_ioclk_0, location = x0y59z0.
PHY-1001 : Processing 2 clock pins of DDR instance u_ph1p35_324_ddr_wrapper/u_ddr2/ph1p_ddrmc_wrapper/ph1p_ddrmc_top/u_ddr_phy/u_ddrphy_top/u_ddrphy/ac_byte[2]$ac_byte_used$u_ddrphy_ac_byte_wrapper/u_ddrphy_byte, location = x0y50z0.
PHY-1001 :   Placed ioclk instance u_ph1p35_324_ddr_wrapper/u_ddr2/ph1p_ddrmc_wrapper/ph1p_ddrmc_top/u_ddr_phy/u_ddrphy_top/u_ddrphy_clk/ioclk[0]$u_ioclk_1, location = x0y59z1.
PHY-1001 :   Placed ioclk instance u_ph1p35_324_ddr_wrapper/u_ddr2/ph1p_ddrmc_wrapper/ph1p_ddrmc_top/u_ddr_phy/u_ddrphy_top/u_ddrphy_clk/ioclk[0]$u_ioclk_0, location = x0y59z0.
PHY-1001 : Processing 2 clock pins of DDR instance u_ph1p35_324_ddr_wrapper/u_ddr2/ph1p_ddrmc_wrapper/ph1p_ddrmc_top/u_ddr_phy/u_ddrphy_top/u_ddrphy/ac_byte[3]$ac_byte_used$u_ddrphy_ac_byte_wrapper/u_ddrphy_byte, location = x0y40z0.
PHY-1001 :   Placed ioclk instance u_ph1p35_324_ddr_wrapper/u_ddr2/ph1p_ddrmc_wrapper/ph1p_ddrmc_top/u_ddr_phy/u_ddrphy_top/u_ddrphy_clk/ioclk[0]$u_ioclk_1, location = x0y59z1.
PHY-1001 :   Placed ioclk instance u_ph1p35_324_ddr_wrapper/u_ddr2/ph1p_ddrmc_wrapper/ph1p_ddrmc_top/u_ddr_phy/u_ddrphy_top/u_ddrphy_clk/ioclk[0]$u_ioclk_0, location = x0y59z0.
PHY-1001 : Processing 2 clock pins of DDR instance u_ph1p35_324_ddr_wrapper/u_ddr2/ph1p_ddrmc_wrapper/ph1p_ddrmc_top/u_ddr_phy/u_ddrphy_top/u_ddrphy/dx_byte[0]$dx_byte_used$u_ddrphy_dx_byte_wrapper/u_ddrphy_byte, location = x0y30z0.
PHY-1001 :   User location X0Y19Z1 of ioclk instance u_ph1p35_324_ddr_wrapper/u_ddr2/ph1p_ddrmc_wrapper/ph1p_ddrmc_top/u_ddr_phy/u_ddrphy_top/u_ddrphy_clk/ioclk[1]$u_ioclk_1.
PHY-1001 :   Placement of ioclk instance u_ph1p35_324_ddr_wrapper/u_ddr2/ph1p_ddrmc_wrapper/ph1p_ddrmc_top/u_ddr_phy/u_ddrphy_top/u_ddrphy_clk/ioclk[1]$u_ioclk_1; location = x0y19z1.
PHY-1001 :   User location X0Y19Z0 of ioclk instance u_ph1p35_324_ddr_wrapper/u_ddr2/ph1p_ddrmc_wrapper/ph1p_ddrmc_top/u_ddr_phy/u_ddrphy_top/u_ddrphy_clk/ioclk[1]$u_ioclk_0.
PHY-1001 :   Placement of ioclk instance u_ph1p35_324_ddr_wrapper/u_ddr2/ph1p_ddrmc_wrapper/ph1p_ddrmc_top/u_ddr_phy/u_ddrphy_top/u_ddrphy_clk/ioclk[1]$u_ioclk_0; location = x0y19z0.
PHY-1001 : Processing 2 clock pins of DDR instance u_ph1p35_324_ddr_wrapper/u_ddr2/ph1p_ddrmc_wrapper/ph1p_ddrmc_top/u_ddr_phy/u_ddrphy_top/u_ddrphy/dx_byte[1]$dx_byte_used$u_ddrphy_dx_byte_wrapper/u_ddrphy_byte, location = x0y10z0.
PHY-1001 :   Placed ioclk instance u_ph1p35_324_ddr_wrapper/u_ddr2/ph1p_ddrmc_wrapper/ph1p_ddrmc_top/u_ddr_phy/u_ddrphy_top/u_ddrphy_clk/ioclk[1]$u_ioclk_1, location = x0y19z1.
PHY-1001 :   Placed ioclk instance u_ph1p35_324_ddr_wrapper/u_ddr2/ph1p_ddrmc_wrapper/ph1p_ddrmc_top/u_ddr_phy/u_ddrphy_top/u_ddrphy_clk/ioclk[1]$u_ioclk_0, location = x0y19z0.
PHY-1001 : DDR MLCLK topology u_ph1p35_324_ddr_wrapper/u_ddr2/ph1p_ddrmc_wrapper/ph1p_ddrmc_top/u_ddr_phy/u_ddrphy_top/u_ddrphy_clk/u_mlclk_1.
PHY-1001 :   Driver: PH1P_PHY_PLL_V2 u_ph1p35_324_ddr_wrapper/u_ddr2/ph1p_ddrmc_wrapper/ph1p_ddrmc_top/u_ddr_phy/u_ddrphy_top/u_ddrphy_clk/u_pll0/u_pll_inst.clkc[1], user location :X0Y40Z0.
PHY-1001 :   Sink: PH1P_PHY_IOCLK u_ph1p35_324_ddr_wrapper/u_ddr2/ph1p_ddrmc_wrapper/ph1p_ddrmc_top/u_ddr_phy/u_ddrphy_top/u_ddrphy_clk/ioclk[0]$u_ioclk_0, location = x0y59z0, sectorID = 1.
PHY-1001 :   Sink: PH1P_PHY_IOCLK u_ph1p35_324_ddr_wrapper/u_ddr2/ph1p_ddrmc_wrapper/ph1p_ddrmc_top/u_ddr_phy/u_ddrphy_top/u_ddrphy_clk/ioclk[1]$u_ioclk_0, location = x0y19z0, sectorID = 0.
PHY-1001 : Placement of MLCLK instance u_ph1p35_324_ddr_wrapper/u_ddr2/ph1p_ddrmc_wrapper/ph1p_ddrmc_top/u_ddr_phy/u_ddrphy_top/u_ddrphy_clk/u_mlclk_1; location = x0y59z0,  sectorID = 1.
PHY-1001 : DDR MLCLK topology u_ph1p35_324_ddr_wrapper/u_ddr2/ph1p_ddrmc_wrapper/ph1p_ddrmc_top/u_ddr_phy/u_ddrphy_top/u_ddrphy_clk/u_mlclk_2.
PHY-1001 :   Driver: PH1P_PHY_PLL_V2 u_ph1p35_324_ddr_wrapper/u_ddr2/ph1p_ddrmc_wrapper/ph1p_ddrmc_top/u_ddr_phy/u_ddrphy_top/u_ddrphy_clk/u_pll0/u_pll_inst.clkc[2], user location :X0Y40Z0.
PHY-1001 :   Sink: PH1P_PHY_IOCLK u_ph1p35_324_ddr_wrapper/u_ddr2/ph1p_ddrmc_wrapper/ph1p_ddrmc_top/u_ddr_phy/u_ddrphy_top/u_ddrphy_clk/ioclk[0]$u_ioclk_1, location = x0y59z1, sectorID = 1.
PHY-1001 :   Sink: PH1P_PHY_IOCLK u_ph1p35_324_ddr_wrapper/u_ddr2/ph1p_ddrmc_wrapper/ph1p_ddrmc_top/u_ddr_phy/u_ddrphy_top/u_ddrphy_clk/ioclk[1]$u_ioclk_1, location = x0y19z1, sectorID = 0.
PHY-1001 : Placement of MLCLK instance u_ph1p35_324_ddr_wrapper/u_ddr2/ph1p_ddrmc_wrapper/ph1p_ddrmc_top/u_ddr_phy/u_ddrphy_top/u_ddrphy_clk/u_mlclk_2; location = x0y59z1,  sectorID = 1.
PHY-5016 WARNING: PLL clkc is driving an IO without location.
PHY-5016 WARNING: PLL clkc is not driving a clock-capable IO.
PHY-5016 WARNING: PLL clkc is driving an IO without location.
PHY-5016 WARNING: PLL clkc is not driving a clock-capable IO.
PHY-1001 : End Stage 2.1 | Place Fixed Instances; Time: 0.069449s wall, 0.078125s user + 0.000000s system = 0.078125s CPU (112.5%); Memory(MB): used = 934, reserved = 927, peak = 934;

PHY-1001 : Stage 2.2 | Pre-Place DRC Check
PHY-1001 : Stage 2.2.1 | Force Route Constraint Check
PHY-1001 : Check Pass.
PHY-1001 : End Stage 2.2.1 | Force Route Constraint Check; Time: 0.003371s wall, 0.000000s user + 0.000000s system = 0.000000s CPU (n/a%); Memory(MB): used = 934, reserved = 927, peak = 934;

PHY-1001 : End Stage 2.2 | Pre-Place DRC Check; Time: 0.003419s wall, 0.000000s user + 0.000000s system = 0.000000s CPU (n/a%); Memory(MB): used = 934, reserved = 927, peak = 934;

PHY-1001 : Clock GCLK Statistics:
RUN-1001 : GCLK Index: 
RUN-1001 : -------------------------------------------------------------------------------------------------------------------------------------------------------
RUN-1001 :   Index  |                                                          Clock GCLK                                                           |  Location   
RUN-1001 : -------------------------------------------------------------------------------------------------------------------------------------------------------
RUN-1001 :     1    |                           u_mipi_dphy_rx_ph1p_mipiio_wrapper/u_ph1p_mipiio_rx_wrapper/bufg_feedback                           |  x23y39z0   
RUN-1001 :     2    |   u_ph1p35_324_ddr_wrapper/u_ddr2/ph1p_ddrmc_wrapper/ph1p_ddrmc_top/u_ddr_phy/u_ddrphy_top/u_ddrphy_clk/u_pll1/u_bufg_fbclk   |  x23y39z16  
RUN-1001 :     3    |                                              u_hdmi_mixer/I_clk_created_gclkinst                                              |  x23y39z17  
RUN-1001 :     4    |                                               I_sys_clk_dup_6_created_gclkinst                                                |  x23y39z22  
RUN-1001 :     5    |                                               O_cam_24m_dup_1_created_gclkinst                                                |  x23y39z18  
RUN-1001 :     6    |                          u_hdmi_tx/u_hdmi2phy_wrapper/u0_lane_lvds_8_1/I_serial_clk_created_gclkinst                          |  x23y39z19  
RUN-1001 :     7    |  u_ph1p35_324_ddr_wrapper/u_ddr2/ph1p_ddrmc_wrapper/ph1p_ddrmc_top/u_ddr_phy/u_ddrphy_top/u_ddrphy/apb_pclk_created_gclkinst  |  x23y39z20  
RUN-1001 :     8    |                                       u_uicfgcs500/uii2c_inst/scl_clk_created_gclkinst                                        |  x23y39z1   
RUN-1001 :     9    |                                                      u_PLL/bufg_feedback                                                      |  x23y39z21  
RUN-1001 : -------------------------------------------------------------------------------------------------------------------------------------------------------
RUN-1001 : Clock Nets Connect To GCLK Statistics: 
RUN-1001 : -----------------------------------------------------------------------------------------------------------------------------------------------------------------------------------------
RUN-1001 :   Index  |                        Leading Net                        |  CLK/DATA/IO/PLL Sink(s)  |                       Following Net                       |  CLK/DATA/IO/PLL Sink(s)  
RUN-1001 : -----------------------------------------------------------------------------------------------------------------------------------------------------------------------------------------
RUN-1001 :     1    | u_mipi_dphy_rx_ph1p_mipiio_wrapper/u_ph1p_mipiio_rx_w...  |          1/0/0/0          | u_isp_top/u_demosaic/raw_matrix_3x3_buffer_d/zhenghe_...  |        9420/0/0/0         
RUN-1001 :     2    | u_ph1p35_324_ddr_wrapper/u_ddr2/ph1p_ddrmc_wrapper/ph...  |          1/0/0/0          | u_ph1p35_324_ddr_wrapper/u_ddr2/ph1p_ddrmc_wrapper/ph...  |        3538/0/0/0         
RUN-1001 :     3    |                    u_hdmi_mixer/I_clk                     |          1/0/0/0          |                u_hdmi_mixer/I_clk_syn_654                 |        1566/0/0/0         
RUN-1001 :     4    |                      I_sys_clk_dup_6                      |          3/0/0/0          |                      I_sys_clk_syn_8                      |         137/0/0/0         
RUN-1001 :     5    |                      O_cam_24m_dup_1                      |          1/0/0/0          |                      O_cam_24m_syn_3                      |         83/1/0/0          
RUN-1001 :     6    | u_hdmi_tx/u_hdmi2phy_wrapper/u0_lane_lvds_8_1/I_seria...  |          1/0/0/0          | u_hdmi_tx/u_hdmi2phy_wrapper/u0_lane_lvds_8_1/I_seria...  |         61/0/0/0          
RUN-1001 :     7    | u_ph1p35_324_ddr_wrapper/u_ddr2/ph1p_ddrmc_wrapper/ph...  |          1/0/0/0          | u_ph1p35_324_ddr_wrapper/u_ddr2/ph1p_ddrmc_wrapper/ph...  |         43/0/0/0          
RUN-1001 :     8    |              u_uicfgcs500/uii2c_inst/scl_clk              |          1/2/0/0          |           u_uicfgcs500/uii2c_inst/scl_clk_syn_9           |         24/0/0/0          
RUN-1001 :     9    |                      u_PLL/clk0_buf                       |          1/0/0/0          | u_mipi_dphy_rx_ph1p_mipiio_wrapper/u_ph1p_mipiio_rx_w...  |         13/0/0/0          
RUN-1001 : -----------------------------------------------------------------------------------------------------------------------------------------------------------------------------------------
PHY-1001 : Stage 2.3 | Global Placement Step 1
PHY-3001 : Target density is 60%
PHY-1001 : Stage 2.3.1 | Update Timing
RUN-1002 : start command "start_timer"
RUN-1003 : finish command "start_timer" in  1.651079s wall, 1.546875s user + 0.015625s system = 1.562500s CPU (94.6%)

RUN-1004 : used memory is 978 MB, reserved memory is 970 MB, peak memory is 978 MB
PHY-1001 : SWNS: -85, STNS: -3400, FEP: 40
PHY-1001 : End Stage 2.3.1 | Update Timing; Time: 3.065292s wall, 2.937500s user + 0.015625s system = 2.953125s CPU (96.3%); Memory(MB): used = 989, reserved = 982, peak = 989;

PHY-0007 : Cell area utilization is 60%
RUN-1001 : Huge Net Statistic
RUN-1001 : ----------------------------------------------------------------------------------------------------------------------------------------------------------------------------------------
RUN-1001 :   Fanout  |  Slack  |                                                                                Net                                                                                
RUN-1001 : ----------------------------------------------------------------------------------------------------------------------------------------------------------------------------------------
RUN-1001 :    3991   |   Inf   |                                                               u_traffic_sign_result_cdc/I_src_rst_n                                                               
RUN-1001 :    1472   |  11982  |                                u_ph1p35_324_ddr_wrapper/u_ddr2/ph1p_ddrmc_wrapper/ph1p_ddrmc_top/u_alc_mc_top/u_rbuf_addr_fifo/rst                                
RUN-1001 :    1089   |   Inf   |  u_ph1p35_324_ddr_wrapper/u_ddr2/ph1p_ddrmc_wrapper/ph1p_ddrmc_top/u_ddr_phy/u_ddrphy_top/u_ddrphy/dx_byte[1]$dx_byte_used$u_ddrphy_dx_byte_wrapper/dx_phy_rst_n  
RUN-1001 : ----------------------------------------------------------------------------------------------------------------------------------------------------------------------------------------
PHY-3001 : Clustering ...
PHY-3001 : End clustering;  0.155437s wall, 0.328125s user + 0.250000s system = 0.578125s CPU (371.9%)

PHY-3001 : Target density is 60%
PHY-1001 : Stage 2.3.2 | GP Iteration
PHY-1001 : End Stage 2.3.2 | GP Iteration; Time: 1.783237s wall, 9.015625s user + 7.015625s system = 16.031250s CPU (899.0%); Memory(MB): used = 1002, reserved = 993, peak = 1002;

PHY-3001 : Multithread accelerating rate: 8.39
RUN-1002 : start command "start_timer"
USR-1002 : Derived clock:  create_generated_clock -name {u_PLL/ph1p_phy_pll_wrapper_25a56e5ce2f9_Inst/u_PH1P_PHY_PLL.clkc[0]} -source [get_ports {I_sys_clk}] -master_clock {sys_clk_50m} -multiply_by 2.0000 -duty_cycle 50.0000 [get_pins {u_PLL/ph1p_phy_pll_wrapper_25a56e5ce2f9_Inst/u_PH1P_PHY_PLL.clkc[0]}]
USR-1002 : Derived clock:  create_generated_clock -name {u_PLL/ph1p_phy_pll_wrapper_25a56e5ce2f9_Inst/u_PH1P_PHY_PLL.clkc[1]} -source [get_ports {I_sys_clk}] -master_clock {sys_clk_50m} -divide_by 2.0769 -duty_cycle 50.0000 [get_pins {u_PLL/ph1p_phy_pll_wrapper_25a56e5ce2f9_Inst/u_PH1P_PHY_PLL.clkc[1]}]
USR-1002 : Derived clock:  create_generated_clock -name {u_PLL/ph1p_phy_pll_wrapper_25a56e5ce2f9_Inst/u_PH1P_PHY_PLL.clkc[4]} -source [get_ports {I_sys_clk}] -master_clock {sys_clk_50m} -multiply_by 1.0400 -duty_cycle 50.0000 [get_pins {u_PLL/ph1p_phy_pll_wrapper_25a56e5ce2f9_Inst/u_PH1P_PHY_PLL.clkc[4]}]
USR-1002 : Derived clock:  create_generated_clock -name {u_PLL/ph1p_phy_pll_wrapper_25a56e5ce2f9_Inst/u_PH1P_PHY_PLL.clkc[5]} -source [get_ports {I_sys_clk}] -master_clock {sys_clk_50m} -multiply_by 5.2000 -duty_cycle 50.0000 [get_pins {u_PLL/ph1p_phy_pll_wrapper_25a56e5ce2f9_Inst/u_PH1P_PHY_PLL.clkc[5]}]
USR-1002 : Derived clock:  create_generated_clock -name {u_ph1p35_324_ddr_wrapper/u_ddr2/ph1p_ddrmc_wrapper/ph1p_ddrmc_top/u_ddr_phy/u_ddrphy_top/u_ddrphy_clk/u_pll0/u_pll_inst.clkc[0]} -source [get_ports {I_sys_clk}] -master_clock {sys_clk_50m} -multiply_by 1.3333 -duty_cycle 50.0000 [get_pins {u_ph1p35_324_ddr_wrapper/u_ddr2/ph1p_ddrmc_wrapper/ph1p_ddrmc_top/u_ddr_phy/u_ddrphy_top/u_ddrphy_clk/u_pll0/u_pll_inst.clkc[0]}]
USR-1002 : Derived clock:  create_generated_clock -name {u_ph1p35_324_ddr_wrapper/u_ddr2/ph1p_ddrmc_wrapper/ph1p_ddrmc_top/u_ddr_phy/u_ddrphy_top/u_ddrphy_clk/u_pll0/u_pll_inst.clkc[1]} -source [get_ports {I_sys_clk}] -master_clock {sys_clk_50m} -multiply_by 1.3333 -duty_cycle 50.0000 [get_pins {u_ph1p35_324_ddr_wrapper/u_ddr2/ph1p_ddrmc_wrapper/ph1p_ddrmc_top/u_ddr_phy/u_ddrphy_top/u_ddrphy_clk/u_pll0/u_pll_inst.clkc[1]}]
USR-1002 : Derived clock:  create_generated_clock -name {u_ph1p35_324_ddr_wrapper/u_ddr2/ph1p_ddrmc_wrapper/ph1p_ddrmc_top/u_ddr_phy/u_ddrphy_top/u_ddrphy_clk/u_pll0/u_pll_inst.clkc[2]} -source [get_ports {I_sys_clk}] -master_clock {sys_clk_50m} -multiply_by 5.3333 -duty_cycle 50.0000 [get_pins {u_ph1p35_324_ddr_wrapper/u_ddr2/ph1p_ddrmc_wrapper/ph1p_ddrmc_top/u_ddr_phy/u_ddrphy_top/u_ddrphy_clk/u_pll0/u_pll_inst.clkc[2]}]
USR-1002 : Derived clock:  create_generated_clock -name {u_ph1p35_324_ddr_wrapper/u_ddr2/ph1p_ddrmc_wrapper/ph1p_ddrmc_top/u_ddr_phy/u_ddrphy_top/u_ddrphy_clk/u_pll0/u_pll_inst.clkc[3]} -source [get_ports {I_sys_clk}] -master_clock {sys_clk_50m} -divide_by 1.9687 -duty_cycle 50.0000 [get_pins {u_ph1p35_324_ddr_wrapper/u_ddr2/ph1p_ddrmc_wrapper/ph1p_ddrmc_top/u_ddr_phy/u_ddrphy_top/u_ddrphy_clk/u_pll0/u_pll_inst.clkc[3]}]
USR-1002 : Derived clock:  create_generated_clock -name {u_ph1p35_324_ddr_wrapper/u_ddr2/ph1p_ddrmc_wrapper/ph1p_ddrmc_top/u_ddr_phy/u_ddrphy_top/u_ddrphy_clk/u_pll1/u_pll_inst.clkc[0]} -source [get_pins {u_ph1p35_324_ddr_wrapper/u_ddr2/ph1p_ddrmc_wrapper/ph1p_ddrmc_top/u_ddr_phy/u_ddrphy_top/u_ddrphy_clk/u_pll0/u_pll_inst.clkc[0]}] -master_clock {u_ph1p35_324_ddr_wrapper/u_ddr2/ph1p_ddrmc_wrapper/ph1p_ddrmc_top/u_ddr_phy/u_ddrphy_top/u_ddrphy_clk/u_pll0/u_pll_inst.clkc[0]} -multiply_by 1.0000 -duty_cycle 50.0000 [get_pins {u_ph1p35_324_ddr_wrapper/u_ddr2/ph1p_ddrmc_wrapper/ph1p_ddrmc_top/u_ddr_phy/u_ddrphy_top/u_ddrphy_clk/u_pll1/u_pll_inst.clkc[0]}]
8.888000
15.000000
15.000000
19.230000
RUN-1003 : finish command "start_timer" in  2.133873s wall, 2.015625s user + 0.015625s system = 2.031250s CPU (95.2%)

RUN-1004 : used memory is 1002 MB, reserved memory is 993 MB, peak memory is 1002 MB
TMR-2502 : Net delay update with mode: Placed
PHY-3001 : No need to merge 9x9 Dsps.
PHY-1001 : Populate physical database on model design_top_wrapper.
PHY-1001 : End Stage 2.3 | Global Placement Step 1; Time: 9.152204s wall, 16.203125s user + 7.328125s system = 23.531250s CPU (257.1%); Memory(MB): used = 1078, reserved = 1061, peak = 1078;

PHY-1001 : Stage 2.4 | RAM/DSP Legalization and Detailed Placement
PHY-1001 : Stage 2.4.1 | Legalization
PHY-3001 : Before Legalized: Len = 1.92356e+06
PHY-3001 : After Legalized: Len = 1.92863e+06, Over = 159.719
PHY-1001 : End Stage 2.4.1 | Legalization; Time: 1.689742s wall, 1.640625s user + 0.015625s system = 1.656250s CPU (98.0%); Memory(MB): used = 1080, reserved = 1062, peak = 1080;

PHY-1001 : Stage 2.4.2 | Detailed Placement
PHY-1001 : Stage 2.4.2.1 | Simulated Annealing Based DP
PHY-0007 : Initial: WL Cost = 174962, TD Cost = 1.5981e+06, SWNS = 2123, STNS = 0, Nums per T = 510, Range Limit = 2x32
PHY-0007 : Finally: WL Cost = 172890, TD Cost = 1.57058e+06, WL Ratio = 0.988158, TD Ratio = 0.982778, SWNS = 2123, STNS = 0
RUN-1001 : Print Detailed placement's Summary information
RUN-1001 : -------------------------------------------------------------------------------------------------------------------------------
RUN-1001 :             |  Total  |  Accept  |  Reject by overFlow  |  Reject by worseCost  |  Failed by noTarget  |  Failed by gridCheck  
RUN-1001 : -------------------------------------------------------------------------------------------------------------------------------
RUN-1001 :   RAM/DSPs  |  2040   |    61    |          0           |         1979          |          0           |           0           
RUN-1001 :    Macros   |   836   |    21    |          0           |          815          |          0           |           0           
RUN-1001 : -------------------------------------------------------------------------------------------------------------------------------
PHY-1001 : End Stage 2.4.2.1 | Simulated Annealing Based DP; Time: 1.975206s wall, 2.468750s user + 0.234375s system = 2.703125s CPU (136.9%); Memory(MB): used = 1084, reserved = 1065, peak = 1084;

PHY-3001 : End Detailed Place; 
PHY-1001 : End Stage 2.4.2 | Detailed Placement; Time: 2.174213s wall, 2.656250s user + 0.234375s system = 2.890625s CPU (133.0%); Memory(MB): used = 1084, reserved = 1065, peak = 1084;

PHY-1001 : End Stage 2.4 | RAM/DSP Legalization and Detailed Placement; Time: 3.864641s wall, 4.296875s user + 0.250000s system = 4.546875s CPU (117.7%); Memory(MB): used = 1084, reserved = 1065, peak = 1084;

PHY-1001 : Stage 2.5 | Global Placement Step 2
PHY-3001 : Target density is 60%
PHY-1001 : Stage 2.5.1 | Update Timing
PHY-1001 : SWNS: 2123, STNS: 0, FEP: 0
PHY-1001 : End Stage 2.5.1 | Update Timing; Time: 0.176463s wall, 0.171875s user + 0.000000s system = 0.171875s CPU (97.4%); Memory(MB): used = 1084, reserved = 1065, peak = 1084;

PHY-1001 : Stage 2.5.2 | Refresh Congestion
RUN-1001 : Generating global routing grids ...
RUN-1001 : Building simple global routing graph ...
PHY-1001 : Generate routing nets ...
PHY-1001 : Reuse net number 0/14856.
PHY-1001 : Global iterations in 32 thread ...
PHY-1002 : len = 2.05362e+06, over cnt = 2705(3%), over = 13802, worst = 64
PHY-1001 : End global iterations;  0.860271s wall, 1.218750s user + 0.093750s system = 1.312500s CPU (152.6%)

PHY-1001 : Congestion index:
PHY-1001 : top1  = 165.27(S 123.85, N 103.59, E 151.81, W 135.17, I 280.43, O 341.37)
PHY-1001 : top5  = 123.30(S 84.48, N 68.50, E 100.74, W 89.93, I 180.31, O 212.29)
PHY-1001 : top10 = 102.13(S 67.60, N 53.76, E 78.86, W 70.52, I 137.72, O 161.45)
PHY-1001 : top15 = 89.70(S 57.58, N 45.31, E 66.08, W 59.52, I 112.78, O 131.74)
PHY-1001 : End Stage 2.5.2 | Refresh Congestion; Time: 1.341763s wall, 1.703125s user + 0.093750s system = 1.796875s CPU (133.9%); Memory(MB): used = 1172, reserved = 1161, peak = 1172;

PHY-1001 : Stage 2.5.3 | GP Iteration
PHY-1001 : End Stage 2.5.3 | GP Iteration; Time: 2.060742s wall, 12.453125s user + 0.906250s system = 13.359375s CPU (648.3%); Memory(MB): used = 1177, reserved = 1166, peak = 1177;

PHY-3001 : Multithread accelerating rate: 6.40
PHY-1001 : End Stage 2.5 | Global Placement Step 2; Time: 5.344670s wall, 16.078125s user + 1.000000s system = 17.078125s CPU (319.5%); Memory(MB): used = 1180, reserved = 1169, peak = 1180;

PHY-1001 : Stage 2.6 | RAM/DSP Detailed Placement
PHY-1001 : Stage 2.6.1 | Detailed Placement
PHY-1001 : Stage 2.6.1.1 | Simulated Annealing Based DP
PHY-0007 : Initial: WL Cost = 150472, TD Cost = 1.66224e+06, SWNS = 1624, STNS = 0, Nums per T = 510, Range Limit = 2x32
PHY-0007 : Finally: WL Cost = 150325, TD Cost = 1.66219e+06, WL Ratio = 0.999023, TD Ratio = 0.999965, SWNS = 1624, STNS = 0
RUN-1001 : Print Detailed placement's Summary information
RUN-1001 : -------------------------------------------------------------------------------------------------------------------------------
RUN-1001 :             |  Total  |  Accept  |  Reject by overFlow  |  Reject by worseCost  |  Failed by noTarget  |  Failed by gridCheck  
RUN-1001 : -------------------------------------------------------------------------------------------------------------------------------
RUN-1001 :   RAM/DSPs  |  1530   |    9     |          0           |         1521          |          0           |           0           
RUN-1001 :    Macros   |   625   |    4     |          0           |          621          |          0           |           0           
RUN-1001 : -------------------------------------------------------------------------------------------------------------------------------
PHY-1001 : End Stage 2.6.1.1 | Simulated Annealing Based DP; Time: 1.661795s wall, 1.734375s user + 0.000000s system = 1.734375s CPU (104.4%); Memory(MB): used = 1183, reserved = 1172, peak = 1183;

PHY-3001 : End Detailed Place; 
PHY-1001 : End Stage 2.6.1 | Detailed Placement; Time: 1.858583s wall, 1.937500s user + 0.000000s system = 1.937500s CPU (104.2%); Memory(MB): used = 1183, reserved = 1172, peak = 1183;

PHY-1001 : Stage 2.6.2 | Spreading
OPT-1001 : Total overflow 775.47 peak overflow 7.16
PHY-3001 : Spreading for sector grids.
PHY-3001 : Iter 1, total overflow: 0
PHY-3001 : tot_capacity: 36, usage_cnt: 17, movable_cnt: 27
PHY-3001 : End spreading;  0.079247s wall, 0.062500s user + 0.000000s system = 0.062500s CPU (78.9%)

PHY-1001 : End Stage 2.6.2 | Spreading; Time: 0.079319s wall, 0.062500s user + 0.000000s system = 0.062500s CPU (78.8%); Memory(MB): used = 1183, reserved = 1172, peak = 1183;

PHY-1001 : End Stage 2.6 | RAM/DSP Detailed Placement; Time: 2.150405s wall, 2.234375s user + 0.000000s system = 2.234375s CPU (103.9%); Memory(MB): used = 1183, reserved = 1172, peak = 1183;

PHY-1001 : Stage 2.7 | Optimize Design
OPT-1001 : Start physical optimization ...
OPT-1001 : Total overflow 775.47 peak overflow 7.16
OPT-1001 : Stage 2.7.1 | Synthesize High-fanout Net
OPT-1001 : Start high-fanout net optimization in pre-pack flow with medium effort ...
OPT-1001 : Update timing in Manhattan mode
OPT-1001 : End timing update;  1.704348s wall, 1.703125s user + 0.000000s system = 1.703125s CPU (99.9%)

OPT-1001 : Start: SWNS 1624 STNS 0 NUM_FEPS 0
OPT-1001 : Total overflow 775.47 peak overflow 7.16
PHY-1001 : Populate physical database on model design_top_wrapper.
OPT-1001 : 20 high-fanout net processed.
PHY-3001 : Start incremental placement ...
PHY-1001 : Populate physical database on model design_top_wrapper.
PHY-1001 : Processing 2 clock pins of DDR instance u_ph1p35_324_ddr_wrapper/u_ddr2/ph1p_ddrmc_wrapper/ph1p_ddrmc_top/u_ddr_phy/u_ddrphy_top/u_ddrphy/ac_byte[0]$ac_byte_used$u_ddrphy_ac_byte_wrapper/u_ddrphy_byte, location = x0y70z0.
PHY-1001 :   Placed ioclk instance u_ph1p35_324_ddr_wrapper/u_ddr2/ph1p_ddrmc_wrapper/ph1p_ddrmc_top/u_ddr_phy/u_ddrphy_top/u_ddrphy_clk/ioclk[0]$u_ioclk_1, location = x0y59z1.
PHY-1001 :   Placed ioclk instance u_ph1p35_324_ddr_wrapper/u_ddr2/ph1p_ddrmc_wrapper/ph1p_ddrmc_top/u_ddr_phy/u_ddrphy_top/u_ddrphy_clk/ioclk[0]$u_ioclk_0, location = x0y59z0.
PHY-1001 : Processing 2 clock pins of DDR instance u_ph1p35_324_ddr_wrapper/u_ddr2/ph1p_ddrmc_wrapper/ph1p_ddrmc_top/u_ddr_phy/u_ddrphy_top/u_ddrphy/ac_byte[1]$ac_byte_used$u_ddrphy_ac_byte_wrapper/u_ddrphy_byte, location = x0y60z0.
PHY-1001 :   Placed ioclk instance u_ph1p35_324_ddr_wrapper/u_ddr2/ph1p_ddrmc_wrapper/ph1p_ddrmc_top/u_ddr_phy/u_ddrphy_top/u_ddrphy_clk/ioclk[0]$u_ioclk_1, location = x0y59z1.
PHY-1001 :   Placed ioclk instance u_ph1p35_324_ddr_wrapper/u_ddr2/ph1p_ddrmc_wrapper/ph1p_ddrmc_top/u_ddr_phy/u_ddrphy_top/u_ddrphy_clk/ioclk[0]$u_ioclk_0, location = x0y59z0.
PHY-1001 : Processing 2 clock pins of DDR instance u_ph1p35_324_ddr_wrapper/u_ddr2/ph1p_ddrmc_wrapper/ph1p_ddrmc_top/u_ddr_phy/u_ddrphy_top/u_ddrphy/ac_byte[2]$ac_byte_used$u_ddrphy_ac_byte_wrapper/u_ddrphy_byte, location = x0y50z0.
PHY-1001 :   Placed ioclk instance u_ph1p35_324_ddr_wrapper/u_ddr2/ph1p_ddrmc_wrapper/ph1p_ddrmc_top/u_ddr_phy/u_ddrphy_top/u_ddrphy_clk/ioclk[0]$u_ioclk_1, location = x0y59z1.
PHY-1001 :   Placed ioclk instance u_ph1p35_324_ddr_wrapper/u_ddr2/ph1p_ddrmc_wrapper/ph1p_ddrmc_top/u_ddr_phy/u_ddrphy_top/u_ddrphy_clk/ioclk[0]$u_ioclk_0, location = x0y59z0.
PHY-1001 : Processing 2 clock pins of DDR instance u_ph1p35_324_ddr_wrapper/u_ddr2/ph1p_ddrmc_wrapper/ph1p_ddrmc_top/u_ddr_phy/u_ddrphy_top/u_ddrphy/ac_byte[3]$ac_byte_used$u_ddrphy_ac_byte_wrapper/u_ddrphy_byte, location = x0y40z0.
PHY-1001 :   Placed ioclk instance u_ph1p35_324_ddr_wrapper/u_ddr2/ph1p_ddrmc_wrapper/ph1p_ddrmc_top/u_ddr_phy/u_ddrphy_top/u_ddrphy_clk/ioclk[0]$u_ioclk_1, location = x0y59z1.
PHY-1001 :   Placed ioclk instance u_ph1p35_324_ddr_wrapper/u_ddr2/ph1p_ddrmc_wrapper/ph1p_ddrmc_top/u_ddr_phy/u_ddrphy_top/u_ddrphy_clk/ioclk[0]$u_ioclk_0, location = x0y59z0.
PHY-1001 : Processing 2 clock pins of DDR instance u_ph1p35_324_ddr_wrapper/u_ddr2/ph1p_ddrmc_wrapper/ph1p_ddrmc_top/u_ddr_phy/u_ddrphy_top/u_ddrphy/dx_byte[0]$dx_byte_used$u_ddrphy_dx_byte_wrapper/u_ddrphy_byte, location = x0y30z0.
PHY-1001 :   Placed ioclk instance u_ph1p35_324_ddr_wrapper/u_ddr2/ph1p_ddrmc_wrapper/ph1p_ddrmc_top/u_ddr_phy/u_ddrphy_top/u_ddrphy_clk/ioclk[1]$u_ioclk_1, location = x0y19z1.
PHY-1001 :   Placed ioclk instance u_ph1p35_324_ddr_wrapper/u_ddr2/ph1p_ddrmc_wrapper/ph1p_ddrmc_top/u_ddr_phy/u_ddrphy_top/u_ddrphy_clk/ioclk[1]$u_ioclk_0, location = x0y19z0.
PHY-1001 : Processing 2 clock pins of DDR instance u_ph1p35_324_ddr_wrapper/u_ddr2/ph1p_ddrmc_wrapper/ph1p_ddrmc_top/u_ddr_phy/u_ddrphy_top/u_ddrphy/dx_byte[1]$dx_byte_used$u_ddrphy_dx_byte_wrapper/u_ddrphy_byte, location = x0y10z0.
PHY-1001 :   Placed ioclk instance u_ph1p35_324_ddr_wrapper/u_ddr2/ph1p_ddrmc_wrapper/ph1p_ddrmc_top/u_ddr_phy/u_ddrphy_top/u_ddrphy_clk/ioclk[1]$u_ioclk_1, location = x0y19z1.
PHY-1001 :   Placed ioclk instance u_ph1p35_324_ddr_wrapper/u_ddr2/ph1p_ddrmc_wrapper/ph1p_ddrmc_top/u_ddr_phy/u_ddrphy_top/u_ddrphy_clk/ioclk[1]$u_ioclk_0, location = x0y19z0.
PHY-3001 : Target density is 60%
PHY-3001 : Target density is 60%
PHY-1001 : Stage 2.7.1.1 | Update Timing
PHY-1001 : SWNS: 1624, STNS: 0, FEP: 0
PHY-1001 : End Stage 2.7.1.1 | Update Timing; Time: 0.186512s wall, 0.187500s user + 0.000000s system = 0.187500s CPU (100.5%); Memory(MB): used = 1183, reserved = 1172, peak = 1183;

PHY-1001 : Stage 2.7.1.2 | Refresh Congestion
RUN-1001 : Generating global routing grids ...
PHY-1001 : Generate routing nets ...
PHY-1001 : Reuse net number 202/27232.
PHY-1001 : Global iterations in 32 thread ...
PHY-1002 : len = 1.76582e+06, over cnt = 3518(4%), over = 19148, worst = 53
PHY-1001 : End global iterations;  1.560953s wall, 2.703125s user + 0.015625s system = 2.718750s CPU (174.2%)

PHY-1001 : Congestion index:
PHY-1001 : top1  = 176.04(S 130.92, N 132.81, E 129.07, W 150.82, I 196.93, O 208.06)
PHY-1001 : top5  = 129.80(S 92.53, N 80.86, E 96.16, W 99.34, I 126.00, O 133.56)
PHY-1001 : top10 = 111.05(S 76.04, N 61.64, E 80.18, W 79.59, I 97.76, O 106.64)
PHY-1001 : top15 = 99.62(S 65.54, N 51.37, E 70.06, W 68.37, I 82.24, O 91.40)
PHY-1001 : End Stage 2.7.1.2 | Refresh Congestion; Time: 1.826698s wall, 3.375000s user + 0.046875s system = 3.421875s CPU (187.3%); Memory(MB): used = 1195, reserved = 1183, peak = 1195;

PHY-1001 : Stage 2.7.1.3 | GP Iteration
PHY-1001 : End Stage 2.7.1.3 | GP Iteration; Time: 2.527630s wall, 16.765625s user + 0.640625s system = 17.406250s CPU (688.6%); Memory(MB): used = 1197, reserved = 1185, peak = 1197;

PHY-3001 : Multithread accelerating rate: 6.82
OPT-1001 : Total overflow 756.69 peak overflow 7.62
PHY-3001 : Spreading for sector grids.
PHY-3001 : Iter 1, total overflow: 0
PHY-3001 : tot_capacity: 48, usage_cnt: 22, movable_cnt: 36
PHY-3001 : End spreading;  0.088998s wall, 0.078125s user + 0.000000s system = 0.078125s CPU (87.8%)

PHY-3001 : Final: Len = 1.46785e+06, Over = 173.812
PHY-3001 : End incremental placement;  4.971508s wall, 20.734375s user + 0.703125s system = 21.437500s CPU (431.2%)

OPT-1001 : Total overflow 756.69 peak overflow 7.62
RUN-1001 : HFN opt statistic
RUN-1001 : ------------------------------------------------------
RUN-1001 :   DriverCell type  |  HFN count  |  Duplicated count  
RUN-1001 : ------------------------------------------------------
RUN-1001 :         REG        |      1      |         3          
RUN-1001 :        LUT6        |      1      |         3          
RUN-1001 :        LUT5        |      0      |         0          
RUN-1001 :        LUT4        |      0      |         0          
RUN-1001 :        LUT3        |      0      |         0          
RUN-1001 :        LUT2        |     18      |         86         
RUN-1001 :        TOTAL       |     20      |         92         
RUN-1001 : ------------------------------------------------------
OPT-1001 : End high-fanout net optimization;  8.067084s wall, 24.265625s user + 0.703125s system = 24.968750s CPU (309.5%)

OPT-1001 : Update timing in Manhattan mode
OPT-1001 : End timing update;  1.696709s wall, 1.656250s user + 0.015625s system = 1.671875s CPU (98.5%)

OPT-1001 : Current memory(MB): used = 1197, reserved = 1185, peak = 1197.
OPT-1001 : End Stage 2.7.1 | Synthesize High-fanout Net; Time: 9.953072s wall, 26.109375s user + 0.718750s system = 26.828125s CPU (269.5%); Memory(MB): used = 1197, reserved = 1185, peak = 1197;

OPT-1001 : Stage 2.7.2 | Global Optimization
OPT-1001 : Start global optimization ...
OPT-0007 : Start: SWNS 1810 STNS 0 NUM_FEPS 0
OPT-1001 : Start congestion update ...
RUN-1001 : Generating global routing grids ...
PHY-1001 : Generate routing nets ...
PHY-1001 : Reuse net number 3193/26367.
PHY-1001 : Global iterations in 32 thread ...
PHY-1002 : len = 1.76701e+06, over cnt = 3461(4%), over = 10731, worst = 21
PHY-1002 : len = 1.91926e+06, over cnt = 2796(3%), over = 6286, worst = 19
PHY-1002 : len = 2.05307e+06, over cnt = 1334(1%), over = 2492, worst = 11
PHY-1002 : len = 2.1403e+06, over cnt = 574(0%), over = 1040, worst = 10
PHY-1002 : len = 2.2187e+06, over cnt = 0(0%), over = 0, worst = 0
PHY-1001 : End global iterations;  3.669557s wall, 5.343750s user + 0.000000s system = 5.343750s CPU (145.6%)

PHY-1001 : Congestion index:
PHY-1001 : top1  = 91.93(S 77.90, N 69.52, E 81.46, W 89.28, I 194.74, O 187.83)
PHY-1001 : top5  = 78.99(S 65.46, N 55.84, E 66.16, W 71.47, I 120.65, O 126.99)
PHY-1001 : top10 = 72.09(S 58.96, N 48.36, E 58.30, W 62.26, I 94.06, O 103.06)
PHY-1001 : top15 = 67.61(S 54.65, N 43.40, E 52.81, W 56.43, I 79.93, O 88.54)
OPT-1001 : End congestion update;  4.065041s wall, 6.156250s user + 0.031250s system = 6.187500s CPU (152.2%)

OPT-0007 : Iter 1: improved SWNS 1845 STNS 0 NUM_FEPS 0 with 50 cells processed and 2448 slack improved
OPT-0007 : Iter 2: improved SWNS 1845 STNS 0 NUM_FEPS 0 with 7 cells processed and 105 slack improved
OPT-1001 : Overall commit ratio 0.51
OPT-1001 : End global optimization;  4.202737s wall, 6.281250s user + 0.031250s system = 6.312500s CPU (150.2%)

OPT-1001 : Current memory(MB): used = 1197, reserved = 1185, peak = 1197.
OPT-1001 : End Stage 2.7.2 | Global Optimization; Time: 4.849736s wall, 6.921875s user + 0.031250s system = 6.953125s CPU (143.4%); Memory(MB): used = 1197, reserved = 1185, peak = 1197;

OPT-0007 : End flow prepack: SWNS 1845 STNS 0 NUM_FEPS 0
OPT-1001 : End physical optimization;  14.841769s wall, 33.062500s user + 0.750000s system = 33.812500s CPU (227.8%)

PHY-1001 : End Stage 2.7 | Optimize Design; Time: 14.845183s wall, 33.062500s user + 0.750000s system = 33.812500s CPU (227.8%); Memory(MB): used = 1197, reserved = 1185, peak = 1197;

PHY-1001 : Stage 2.8 | Pack and Legalization
PHY-1001 : Stage 2.8.1 | Direct Legalization
PHY-3001 : Start Direct Legalization ...
PHY-3001 : Get top1 grid util = 0.798794, top1_avg = 0.798794.
PHY-1001 : Populate physical database on model design_top_wrapper.
PHY-3001 : Target density is 60%
PHY-3001 : Before Legalization for Slice Macros, Len = 1.46853e+06.
RUN-1001 : Legalization top10 inst displacement:
RUN-1001 : --------------------------------------------------------------------------------------------------------------------------------------------------------------------------------------------------------------------------------------
RUN-1001 :   Index  |  Bounded  |  Height  |        Location        |  Disp. (slots)  |  Disp. (grids)  |                                                                  Name                                                                  
RUN-1001 : --------------------------------------------------------------------------------------------------------------------------------------------------------------------------------------------------------------------------------------
RUN-1001 :     1    |     N     |    8     |   x2y58z4 to x5y55z0   |       52        |        6        |        u_ph1p35_324_ddr_wrapper/u_ddr2/ph1p_ddrmc_wrapper/ph1p_ddrmc_top/u_ddr_phy/u_ddrphy_top/u_ddrphy_init/ramread0_syn_111         
RUN-1001 :     2    |     N     |    8     |   x2y58z4 to x5y61z0   |       44        |        6        |         u_ph1p35_324_ddr_wrapper/u_ddr2/ph1p_ddrmc_wrapper/ph1p_ddrmc_top/u_ddr_phy/u_ddrphy_top/u_ddrphy_init/ramread0_syn_91         
RUN-1001 :     3    |     N     |    8     |    x4y7z6 to x9y8z0    |       42        |        6        |  u_ph1p35_324_ddr_wrapper/u_ddr2/ph1p_ddrmc_wrapper/ph1p_ddrmc_top/u_alc_mc_top/u_rd_data/rd_buffer[0]$u_rd_data_buf/ramread0_syn_112  
RUN-1001 :     4    |     N     |    8     |    x3y4z7 to x5y2z0    |       39        |        4        |  u_ph1p35_324_ddr_wrapper/u_ddr2/ph1p_ddrmc_wrapper/ph1p_ddrmc_top/u_alc_mc_top/u_rd_data/rd_buffer[0]$u_rd_data_buf/ramread0_syn_152  
RUN-1001 :     5    |     N     |    8     |    x2y6z5 to x5y5z0    |       37        |        4        |       u_ph1p35_324_ddr_wrapper/u_ddr2/ph1p_ddrmc_wrapper/ph1p_ddrmc_top/u_phy2mc_fifo/byteIdx_1[1]$u_wfifo_sync/ramread0_syn_48        
RUN-1001 :     6    |     N     |    8     |   x2y58z4 to x5y60z0   |       36        |        5        |         u_ph1p35_324_ddr_wrapper/u_ddr2/ph1p_ddrmc_wrapper/ph1p_ddrmc_top/u_ddr_phy/u_ddrphy_top/u_ddrphy_init/ramread0_syn_71         
RUN-1001 :     7    |     N     |    8     |   x2y14z4 to x5y13z0   |       36        |        4        |       u_ph1p35_324_ddr_wrapper/u_ddr2/ph1p_ddrmc_wrapper/ph1p_ddrmc_top/u_phy2mc_fifo/byteIdx_1[0]$u_wfifo_sync/ramread0_syn_68        
RUN-1001 :     8    |     N     |    8     |   x2y57z7 to x5y57z0   |       31        |        3        |        u_ph1p35_324_ddr_wrapper/u_ddr2/ph1p_ddrmc_wrapper/ph1p_ddrmc_top/u_ddr_phy/u_ddrphy_top/u_ddrphy_init/ramread0_syn_151         
RUN-1001 :     9    |     N     |    8     |   x2y56z6 to x5y56z0   |       30        |        3        |        u_ph1p35_324_ddr_wrapper/u_ddr2/ph1p_ddrmc_wrapper/ph1p_ddrmc_top/u_ddr_phy/u_ddrphy_top/u_ddrphy_init/ramread0_syn_131         
RUN-1001 :    10    |     N     |    8     |  x32y49z6 to x29y49z0  |       30        |        3        |                                          u_isp_top/u_image_process_stream_96/ramread1_syn_665                                          
RUN-1001 : --------------------------------------------------------------------------------------------------------------------------------------------------------------------------------------------------------------------------------------
PHY-3001 : After Legalization for Slice Macros, Len = 1.54669e+06.
RUN-1001 : Generating global routing grids ...
PHY-1001 : Generate routing nets ...
PHY-1001 : Reuse net number 23351/26643.
RUN-1002 : start command "update_timing -mode MANHATTAN"
RUN-1002 : start command "start_timer"
RUN-1003 : finish command "start_timer" in  1.890126s wall, 1.812500s user + 0.046875s system = 1.859375s CPU (98.4%)

RUN-1004 : used memory is 1224 MB, reserved memory is 1212 MB, peak memory is 1224 MB
RUN-1003 : finish command "update_timing -mode MANHATTAN" in  3.602498s wall, 3.500000s user + 0.046875s system = 3.546875s CPU (98.5%)

RUN-1004 : used memory is 1225 MB, reserved memory is 1213 MB, peak memory is 1225 MB
PHY-1001 : Global iterations in 32 thread ...
PHY-1002 : len = 2.25422e+06, over cnt = 1048(1%), over = 2389, worst = 13
PHY-1002 : len = 2.27515e+06, over cnt = 861(1%), over = 1512, worst = 13
PHY-1002 : len = 2.30725e+06, over cnt = 305(0%), over = 438, worst = 8
PHY-1002 : len = 2.31694e+06, over cnt = 86(0%), over = 112, worst = 8
PHY-1002 : len = 2.3207e+06, over cnt = 13(0%), over = 20, worst = 3
PHY-1001 : End global iterations;  1.100769s wall, 1.390625s user + 0.000000s system = 1.390625s CPU (126.3%)

PHY-1001 : Congestion index:
PHY-1001 : top1  = 92.53(S 77.43, N 71.54, E 82.70, W 89.85, I 178.43, O 182.65)
PHY-1001 : top5  = 79.72(S 65.68, N 57.00, E 66.47, W 72.13, I 111.15, O 123.73)
PHY-1001 : top10 = 72.60(S 59.27, N 49.39, E 58.89, W 62.87, I 88.73, O 100.97)
PHY-1001 : top15 = 68.07(S 54.84, N 44.38, E 53.94, W 57.07, I 76.66, O 87.65)
PHY-3001 : Total Iter 151, legal = 27233 / 27233 (100.00%), avg_move = 32.68, max_move = 312.
PHY-3001 : There are no illegal insts.
PHY-1001 : Populate physical database on model design_top_wrapper.
PHY-3001 : End Direct Legalization;  24.083433s wall, 220.609375s user + 1.421875s system = 222.031250s CPU (921.9%)

RUN-1001 : Summary of LUT-FF Pairs
RUN-1001 : ---------------------------------------------------------------
RUN-1001 :   Num of Fanout Seqs  |   1x   |  2x  |  3~5  |  6~10  |  >10  
RUN-1001 : ---------------------------------------------------------------
RUN-1001 :         Total         |  7052  |  7   |  46   |   0    |  23   
RUN-1001 :          Grid         |  7036  |  7   |  40   |   0    |  23   
RUN-1001 :          Bank         |  6858  |  7   |  35   |   0    |  22   
RUN-1001 :         Paired        |  6834  |  7   |  32   |   0    |  21   
RUN-1001 : ---------------------------------------------------------------
RUN-1001 : Summary of LUT Pairs
RUN-1001 : ---------------------------------------------------------------------------------------------------------------------
RUN-1001 :            |           |           |           |           |           |  O5 + O6  |  Only O5  |  Only O6  |  Total  
RUN-1001 : ---------------------------------------------------------------------------------------------------------------------
RUN-1001 :   5 Share  |  4 Share  |  3 Share  |  2 Share  |  1 Share  |  0 Share  |           |           |           |         
RUN-1001 :     134    |    273    |    245    |    447    |   1847    |   3955    |   6901    |   3194    |   3736    |  13831  
RUN-1001 : ---------------------------------------------------------------------------------------------------------------------
PHY-1001 : End Stage 2.8.1 | Direct Legalization; Time: 24.153236s wall, 220.687500s user + 1.421875s system = 222.109375s CPU (919.6%); Memory(MB): used = 1340, reserved = 1326, peak = 1341;

PHY-3001 : Target density is 60%
PHY-3001 : After Direct Legalization, Len = 1.85185e+06.
PHY-1001 : End Stage 2.8 | Pack and Legalization; Time: 24.370355s wall, 220.906250s user + 1.421875s system = 222.328125s CPU (912.3%); Memory(MB): used = 1341, reserved = 1326, peak = 1341;

RUN-1002 : start command "start_timer"
RUN-1003 : finish command "start_timer" in  3.643557s wall, 3.609375s user + 0.015625s system = 3.625000s CPU (99.5%)

RUN-1004 : used memory is 1341 MB, reserved memory is 1326 MB, peak memory is 1341 MB
PHY-1001 : End Stage 2 | Global Placement; Time: 65.227771s wall, 298.187500s user + 10.796875s system = 308.984375s CPU (473.7%); Memory(MB): used = 1341, reserved = 1326, peak = 1341;

PHY-1001 : Stage 3 | Detailed Placement
PHY-1001 : Stage 3.1 | SLICE Detailed Placement
PHY-1001 : Stage 3.1.1 | Spreading
PHY-3001 : Design contains 127 ce signals.
PHY-3001 : Spreading for sector grids.
PHY-3001 : Iter 1, total overflow: 0
PHY-3001 : tot_capacity: 48, usage_cnt: 22, movable_cnt: 34
PHY-3001 : Spreading for clock grids.
PHY-3001 : clock grid count for 24 x 4 grids
PHY-3001 : Spreading for plb grids.
PHY-3001 : total displace: 0, max displace: 0.
PHY-3001 : End spreading;  0.306102s wall, 0.296875s user + 0.000000s system = 0.296875s CPU (97.0%)

PHY-1001 : End Stage 3.1.1 | Spreading; Time: 0.306183s wall, 0.296875s user + 0.000000s system = 0.296875s CPU (97.0%); Memory(MB): used = 1347, reserved = 1333, peak = 1347;

PHY-1001 : Stage 3.1.2 | Simulated Annealing Based DP
RUN-1001 : Generating global routing grids ...
PHY-1001 : Generate routing nets ...
PHY-1001 : Reuse net number 2567/20793.
PHY-1001 : Global iterations in 32 thread ...
PHY-1002 : len = 2.13734e+06, over cnt = 2007(2%), over = 3947, worst = 9
PHY-1002 : len = 2.19155e+06, over cnt = 1179(1%), over = 1945, worst = 9
PHY-1002 : len = 2.2437e+06, over cnt = 422(0%), over = 700, worst = 8
PHY-1002 : len = 2.25605e+06, over cnt = 175(0%), over = 281, worst = 7
PHY-1002 : len = 2.26453e+06, over cnt = 0(0%), over = 0, worst = 0
PHY-1001 : End global iterations;  2.416388s wall, 3.421875s user + 0.046875s system = 3.468750s CPU (143.6%)

PHY-1001 : Congestion index:
PHY-1001 : top1  = 83.66(S 70.25, N 58.66, E 77.39, W 78.29, I 65.65, O 75.08)
PHY-1001 : top5  = 71.35(S 58.05, N 47.00, E 62.43, W 63.39, I 57.47, O 64.99)
PHY-1001 : top10 = 65.34(S 51.61, N 41.30, E 55.38, W 55.64, I 52.61, O 58.23)
PHY-1001 : top15 = 61.64(S 47.28, N 37.56, E 50.89, W 50.67, I 49.65, O 54.11)
PHY-0007 : Initial: WL Cost = 159056, TD Cost = 1.50343e+06, SWNS = 1219, STNS = 0, Nums per T = 123610, Range Limit = 4x8
PHY-0007 : Finally: WL Cost = 141890, TD Cost = 1.21092e+06, WL Ratio = 0.892077, TD Ratio = 0.805437, SWNS = 1745, STNS = 0
RUN-1001 : Print Detailed placement's Summary information
RUN-1001 : -------------------------------------------------------------------------------------------------------------------------------
RUN-1001 :           |   Total   |  Accept  |  Reject by overFlow  |  Reject by worseCost  |  Failed by noTarget  |  Failed by gridCheck  
RUN-1001 : -------------------------------------------------------------------------------------------------------------------------------
RUN-1001 :   Slices  |  1112490  |  30351   |         4247         |        1062736        |         1154         |         14002         
RUN-1001 :   Macros  |   29467   |   348    |         368          |         28243         |         451          |          57           
RUN-1001 : -------------------------------------------------------------------------------------------------------------------------------
PHY-1001 : End Stage 3.1.2 | Simulated Annealing Based DP; Time: 24.064359s wall, 25.359375s user + 0.328125s system = 25.687500s CPU (106.7%); Memory(MB): used = 1362, reserved = 1348, peak = 1362;

PHY-3001 : End Detailed Place; 
PHY-3001 : Final: Len = 1.63007e+06, Over = 0
PHY-1001 : End Stage 3.1 | SLICE Detailed Placement; Time: 24.752975s wall, 26.000000s user + 0.328125s system = 26.328125s CPU (106.4%); Memory(MB): used = 1362, reserved = 1348, peak = 1362;

PHY-3001 : End Detailed Place; 
PHY-1001 : Stage 3.2 | Optimize Design
OPT-1001 : Start physical optimization ...
OPT-1001 : Total overflow 0.00 peak overflow 0.00
OPT-1001 : Stage 3.2.1 | Physical Optimization
OPT-1001 : Start high-fanout net optimization in optimize equivalent flow with medium effort ...
OPT-1001 : Clean unloaded insts before merging registers
PHY-1001 : Populate physical database on model design_top_wrapper.
PHY-1001 : Populate physical database on model design_top_wrapper.
OPT-1001 : Total overflow 0.00 peak overflow 0.00
OPT-1001 : End optimize duplicated nets. Total 38 instances are merged and 1730 sinks are reconnected,  2.903281s wall, 2.781250s user + 0.015625s system = 2.796875s CPU (96.3%)

OPT-1001 : End high-fanout net optimization;  2.904397s wall, 2.781250s user + 0.015625s system = 2.796875s CPU (96.3%)

OPT-1001 : Update timing in Manhattan mode
RUN-1002 : start command "start_timer"
RUN-1003 : finish command "start_timer" in  2.693520s wall, 2.531250s user + 0.015625s system = 2.546875s CPU (94.6%)

RUN-1004 : used memory is 1362 MB, reserved memory is 1348 MB, peak memory is 1362 MB
OPT-1001 : End timing update;  4.186255s wall, 3.984375s user + 0.015625s system = 4.000000s CPU (95.6%)

OPT-1001 : Current memory(MB): used = 1362, reserved = 1348, peak = 1362.
OPT-1001 : End Stage 3.2.1 | Physical Optimization; Time: 7.263841s wall, 6.937500s user + 0.031250s system = 6.968750s CPU (95.9%); Memory(MB): used = 1362, reserved = 1348, peak = 1362;

OPT-1001 : Stage 3.2.2 | Synthesize High-fanout Net
OPT-1001 : Start high-fanout net optimization in post-pack flow with medium effort ...
OPT-1001 : Start: SWNS 1745 STNS 0 NUM_FEPS 0
OPT-1001 : Total overflow 0.00 peak overflow 0.00
PHY-1001 : Populate physical database on model design_top_wrapper.
OPT-1001 : 19 high-fanout net processed.
OPT-1001 : Total overflow 0.00 peak overflow 0.00
RUN-1001 : HFN opt statistic
RUN-1001 : ------------------------------------------------------
RUN-1001 :   DriverCell type  |  HFN count  |  Duplicated count  
RUN-1001 : ------------------------------------------------------
RUN-1001 :       LSLICE       |      0      |         0          
RUN-1001 :       MSLICE       |      0      |         0          
RUN-1001 :        OTHER       |     19      |         29         
RUN-1001 :        TOTAL       |     19      |         29         
RUN-1001 : ------------------------------------------------------
OPT-1001 : End high-fanout net optimization;  1.381871s wall, 1.687500s user + 0.000000s system = 1.687500s CPU (122.1%)

OPT-1001 : Current memory(MB): used = 1362, reserved = 1348, peak = 1362.
OPT-1001 : End Stage 3.2.2 | Synthesize High-fanout Net; Time: 1.587173s wall, 1.875000s user + 0.000000s system = 1.875000s CPU (118.1%); Memory(MB): used = 1362, reserved = 1348, peak = 1362;

OPT-1001 : Stage 3.2.3 | Optimize Path
OPT-1001 : Start unpack path based optimization ...
OPT-0007 : Start: SWNS 1745 STNS 0 NUM_FEPS 0 with mode 2
OPT-1001 : Start congestion update ...
RUN-1001 : Generating global routing grids ...
PHY-1001 : Generate routing nets ...
PHY-1001 : Reuse net number 7110/21908.
PHY-1001 : Global iterations in 32 thread ...
PHY-1002 : len = 2.00861e+06, over cnt = 2349(3%), over = 4463, worst = 9
PHY-1002 : len = 2.08614e+06, over cnt = 1382(1%), over = 2151, worst = 9
PHY-1002 : len = 2.19907e+06, over cnt = 496(0%), over = 762, worst = 7
PHY-1002 : len = 2.21088e+06, over cnt = 207(0%), over = 327, worst = 6
PHY-1002 : len = 2.21214e+06, over cnt = 178(0%), over = 275, worst = 6
PHY-1001 : End global iterations;  3.475987s wall, 5.109375s user + 0.015625s system = 5.125000s CPU (147.4%)

PHY-1001 : Congestion index:
PHY-1001 : top1  = 80.95(S 68.77, N 57.59, E 73.96, W 77.63, I 65.65, O 74.67)
PHY-1001 : top5  = 70.49(S 59.16, N 47.19, E 61.19, W 63.52, I 56.59, O 63.04)
PHY-1001 : top10 = 64.91(S 53.19, N 41.53, E 53.79, W 55.31, I 51.69, O 56.67)
PHY-1001 : top15 = 61.36(S 49.09, N 37.73, E 49.19, W 50.37, I 48.67, O 52.78)
OPT-1001 : End congestion update;  4.081432s wall, 5.703125s user + 0.015625s system = 5.718750s CPU (140.1%)

OPT-0007 : Iter 1: improved SWNS 2120 STNS 0 NUM_FEPS 0 with 23(3685) cells and 1953(6575) paths processed with 1829 slack improved, crit_thod: 2602 ratio: 1.00(30/30) rt: 2.5s
OPT-0007 : Iter 2: improved SWNS 2143 STNS 0 NUM_FEPS 0 with 46(12714) cells and 6357(6357) paths processed with 7210 slack improved, crit_thod: 2655 ratio: 0.91(59/65) rt: 3.0s
OPT-0007 : Iter 3: improved SWNS 2143 STNS 0 NUM_FEPS 0 with 49(11216) cells and 5608(5608) paths processed with 5738 slack improved, crit_thod: 2753 ratio: 0.98(58/59) rt: 2.9s
OPT-0007 : Iter 4: improved SWNS 2143 STNS 0 NUM_FEPS 0 with 26(11518) cells and 5759(5759) paths processed with 2873 slack improved, crit_thod: 2804 ratio: 0.82(32/39) rt: 1.8s
OPT-0007 : Iter 5: improved SWNS 2143 STNS 0 NUM_FEPS 0 with 12(11636) cells and 5818(5818) paths processed with 1602 slack improved, crit_thod: 2822 ratio: 0.63(12/19) rt: 1.6s
OPT-1001 : End path based optimization;  15.936214s wall, 17.296875s user + 0.031250s system = 17.328125s CPU (108.7%)

OPT-1001 : Current memory(MB): used = 1363, reserved = 1348, peak = 1363.
OPT-1001 : End Stage 3.2.3 | Optimize Path; Time: 16.173836s wall, 17.546875s user + 0.031250s system = 17.578125s CPU (108.7%); Memory(MB): used = 1363, reserved = 1348, peak = 1363;

OPT-1001 : Stage 3.2.4 | Optimize Duplicated Nets
OPT-1001 : Start: WNS 2143 TNS 0 NUM_FEPS 0
OPT-1001 : Clean unloaded insts before merging registers
PHY-1001 : Populate physical database on model design_top_wrapper.
PHY-1001 : Populate physical database on model design_top_wrapper.
PHY-1001 : Populate physical database on model design_top_wrapper.
OPT-1001 : Total overflow 0.00 peak overflow 0.00
OPT-1001 : End optimize duplicated nets. Total 1 instances are merged and 1314 sinks are reconnected,  3.313244s wall, 3.250000s user + 0.000000s system = 3.250000s CPU (98.1%)

OPT-1001 : Update timing in Manhattan mode
RUN-1002 : start command "start_timer"
RUN-1003 : finish command "start_timer" in  3.238164s wall, 3.187500s user + 0.015625s system = 3.203125s CPU (98.9%)

RUN-1004 : used memory is 1363 MB, reserved memory is 1348 MB, peak memory is 1363 MB
OPT-1001 : End timing update;  4.907575s wall, 4.859375s user + 0.015625s system = 4.875000s CPU (99.3%)

OPT-1001 : Current memory(MB): used = 1363, reserved = 1348, peak = 1363.
OPT-1001 : End Stage 3.2.4 | Optimize Duplicated Nets; Time: 8.407034s wall, 8.281250s user + 0.015625s system = 8.296875s CPU (98.7%); Memory(MB): used = 1363, reserved = 1348, peak = 1363;

OPT-1001 : Stage 3.2.5 | Swap Pins
OPT-1001 : Start pin optimization...
OPT-1001 : Start: SWNS 2143 STNS 0 NUM_FEPS 0
OPT-1001 : Successfully optimized 1147 instances
OPT-1001 : Successfully optimized 265 instances
OPT-1001 : End pin optimization;  2.039437s wall, 1.984375s user + 0.000000s system = 1.984375s CPU (97.3%)

OPT-1001 : Current memory(MB): used = 1363, reserved = 1348, peak = 1363.
OPT-1001 : End Stage 3.2.5 | Swap Pins; Time: 2.245850s wall, 2.171875s user + 0.000000s system = 2.171875s CPU (96.7%); Memory(MB): used = 1363, reserved = 1348, peak = 1363;

OPT-1001 : Stage 3.2.6 | Optimize Beeline
OPT-1001 : Start beeline optimization...
OPT-1001 : Start: SWNS 2559 STNS 0 NUM_FEPS 0
PHY-1001 : Beeline DP, 1000 out of 6061 (16.50)%; hop = 1335.
PHY-1001 : Beeline DP, 491 out of 5322 (9.23)%; hop = 667.
PHY-1001 : Beeline DP, 310 out of 5114 (6.06)%; hop = 416.
PHY-1001 : Beeline DP, 232 out of 5036 (4.61)%; hop = 317.
PHY-1001 : Beeline DP, 197 out of 4993 (3.95)%; hop = 271.
PHY-1001 : Beeline optimization intraPLB, 3148 1-hop(45.28%), 2685 2-hop(38.62%), 433 3-hop( 6.23%), 686 others ( 9.87%)
PHY-1001 :  11.637801s wall, 11.390625s user + 0.078125s system = 11.468750s CPU (98.5%)

RUN-1001 : Beeline optimization outerPLB: 1-hop 2215, 2-hop 3980, 3-hop 2195, 4-hop 630, other 2013 
OPT-1001 : End beeline optimization;  12.414569s wall, 12.171875s user + 0.078125s system = 12.250000s CPU (98.7%)

OPT-1001 : Update timing in Manhattan mode
OPT-1001 : End timing update;  1.772043s wall, 1.625000s user + 0.015625s system = 1.640625s CPU (92.6%)

OPT-1001 : End Stage 3.2.6 | Optimize Beeline; Time: 14.525738s wall, 14.140625s user + 0.093750s system = 14.234375s CPU (98.0%); Memory(MB): used = 1363, reserved = 1348, peak = 1363;

OPT-0007 : End flow postpack: SWNS 2559 STNS 0 NUM_FEPS 0
RUN-1001 : Generating global routing grids ...
PHY-1001 : Generate routing nets ...
PHY-1001 : Reuse net number 18563/21109.
PHY-1001 : Global iterations in 32 thread ...
PHY-1002 : len = 2.22392e+06, over cnt = 720(1%), over = 1025, worst = 5
PHY-1002 : len = 2.23941e+06, over cnt = 382(0%), over = 476, worst = 4
PHY-1002 : len = 2.24709e+06, over cnt = 168(0%), over = 205, worst = 4
PHY-1002 : len = 2.25187e+06, over cnt = 58(0%), over = 65, worst = 3
PHY-1002 : len = 2.25834e+06, over cnt = 0(0%), over = 0, worst = 0
PHY-1001 : End global iterations;  0.994925s wall, 1.406250s user + 0.015625s system = 1.421875s CPU (142.9%)

PHY-1001 : Congestion index:
PHY-1001 : top1  = 80.69(S 67.72, N 56.69, E 73.20, W 77.14, I 65.65, O 74.18)
PHY-1001 : top5  = 69.79(S 58.37, N 46.55, E 60.35, W 62.95, I 56.42, O 62.94)
PHY-1001 : top10 = 64.31(S 52.70, N 41.13, E 53.32, W 55.19, I 51.46, O 56.68)
PHY-1001 : top15 = 60.58(S 48.81, N 37.53, E 48.86, W 50.26, I 48.43, O 52.79)
RUN-1001 : top one percent high-util tile is with util 75 and average util is 80.447368
RUN-1001 : QoR Analysis:
OPT-0007 :   SWNS 2559 STNS 0 NUM_FEPS 0
RUN-1001 :   Local congestion issue exists, and most congested 1% tile average routing util is 80.447368
OPT-1002 :   please consider adjusting placer strategy to avoid the congestion issue
RUN-1001 :   Top critical paths
RUN-1001 :       #1 path slack 2559ps with logic level 11 
RUN-1001 :       #2 path slack 2559ps with logic level 11 
RUN-1001 :       #3 path slack 2565ps with logic level 11 
RUN-1001 :       #4 path slack 2565ps with logic level 11 
RUN-1001 :       #5 path slack 2565ps with logic level 11 
RUN-1001 :       #6 path slack 2565ps with logic level 11 
RUN-1001 :       #7 path slack 2569ps with logic level 11 
RUN-1001 :       #8 path slack 2569ps with logic level 11 
RUN-1001 :       #9 path slack 2569ps with logic level 11 
RUN-1001 :       #10 path slack 2569ps with logic level 11 
OPT-1001 : End physical optimization;  51.970323s wall, 53.468750s user + 0.187500s system = 53.656250s CPU (103.2%)

PHY-1001 : End Stage 3.2 | Optimize Design; Time: 51.970488s wall, 53.468750s user + 0.187500s system = 53.656250s CPU (103.2%); Memory(MB): used = 1363, reserved = 1348, peak = 1363;

RUN-1001 : Report Control nets information:
RUN-1001 : DFF Distribution
RUN-1001 : -------------------------------------
RUN-1001 :   CE   |  SSR  |  ASR  |  DFF Count  
RUN-1001 : -------------------------------------
RUN-1001 :   No   |  No   |  No   |     224     
RUN-1001 :   No   |  No   |  Yes  |      0      
RUN-1001 :   No   |  Yes  |  No   |      0      
RUN-1001 :   Yes  |  No   |  No   |    6886     
RUN-1001 :   Yes  |  No   |  Yes  |    7336     
RUN-1001 :   Yes  |  Yes  |  No   |     363     
RUN-1001 : -------------------------------------
RUN-1001 : Control Group Statistic
RUN-1001 : -----------------------------
RUN-1001 :   #CLK  |  #CE  |  #SSR/ASR  
RUN-1001 : -----------------------------
RUN-1001 :    10   |  379  |     31     
RUN-1001 : -----------------------------
RUN-0007 : Control Set = 455
PHY-1001 : End Stage 3 | Detailed Placement; Time: 76.912498s wall, 79.671875s user + 0.515625s system = 80.187500s CPU (104.3%); Memory(MB): used = 1363, reserved = 1348, peak = 1363;

PHY-1001 : Populate physical database on model design_top_wrapper.
PHY-1001 : Stage 4 | Optimize Design
PHY-3001 : Start incremental legalization ...
PHY-1001 : Populate physical database on model design_top_wrapper.
PHY-1001 : Processing 2 clock pins of DDR instance u_ph1p35_324_ddr_wrapper/u_ddr2/ph1p_ddrmc_wrapper/ph1p_ddrmc_top/u_ddr_phy/u_ddrphy_top/u_ddrphy/ac_byte[0]$ac_byte_used$u_ddrphy_ac_byte_wrapper/u_ddrphy_byte, location = x0y70z0.
PHY-1001 :   Placed ioclk instance u_ph1p35_324_ddr_wrapper/u_ddr2/ph1p_ddrmc_wrapper/ph1p_ddrmc_top/u_ddr_phy/u_ddrphy_top/u_ddrphy_clk/ioclk[0]$u_ioclk_1, location = x0y59z1.
PHY-1001 :   Placed ioclk instance u_ph1p35_324_ddr_wrapper/u_ddr2/ph1p_ddrmc_wrapper/ph1p_ddrmc_top/u_ddr_phy/u_ddrphy_top/u_ddrphy_clk/ioclk[0]$u_ioclk_0, location = x0y59z0.
PHY-1001 : Processing 2 clock pins of DDR instance u_ph1p35_324_ddr_wrapper/u_ddr2/ph1p_ddrmc_wrapper/ph1p_ddrmc_top/u_ddr_phy/u_ddrphy_top/u_ddrphy/ac_byte[1]$ac_byte_used$u_ddrphy_ac_byte_wrapper/u_ddrphy_byte, location = x0y60z0.
PHY-1001 :   Placed ioclk instance u_ph1p35_324_ddr_wrapper/u_ddr2/ph1p_ddrmc_wrapper/ph1p_ddrmc_top/u_ddr_phy/u_ddrphy_top/u_ddrphy_clk/ioclk[0]$u_ioclk_1, location = x0y59z1.
PHY-1001 :   Placed ioclk instance u_ph1p35_324_ddr_wrapper/u_ddr2/ph1p_ddrmc_wrapper/ph1p_ddrmc_top/u_ddr_phy/u_ddrphy_top/u_ddrphy_clk/ioclk[0]$u_ioclk_0, location = x0y59z0.
PHY-1001 : Processing 2 clock pins of DDR instance u_ph1p35_324_ddr_wrapper/u_ddr2/ph1p_ddrmc_wrapper/ph1p_ddrmc_top/u_ddr_phy/u_ddrphy_top/u_ddrphy/ac_byte[2]$ac_byte_used$u_ddrphy_ac_byte_wrapper/u_ddrphy_byte, location = x0y50z0.
PHY-1001 :   Placed ioclk instance u_ph1p35_324_ddr_wrapper/u_ddr2/ph1p_ddrmc_wrapper/ph1p_ddrmc_top/u_ddr_phy/u_ddrphy_top/u_ddrphy_clk/ioclk[0]$u_ioclk_1, location = x0y59z1.
PHY-1001 :   Placed ioclk instance u_ph1p35_324_ddr_wrapper/u_ddr2/ph1p_ddrmc_wrapper/ph1p_ddrmc_top/u_ddr_phy/u_ddrphy_top/u_ddrphy_clk/ioclk[0]$u_ioclk_0, location = x0y59z0.
PHY-1001 : Processing 2 clock pins of DDR instance u_ph1p35_324_ddr_wrapper/u_ddr2/ph1p_ddrmc_wrapper/ph1p_ddrmc_top/u_ddr_phy/u_ddrphy_top/u_ddrphy/ac_byte[3]$ac_byte_used$u_ddrphy_ac_byte_wrapper/u_ddrphy_byte, location = x0y40z0.
PHY-1001 :   Placed ioclk instance u_ph1p35_324_ddr_wrapper/u_ddr2/ph1p_ddrmc_wrapper/ph1p_ddrmc_top/u_ddr_phy/u_ddrphy_top/u_ddrphy_clk/ioclk[0]$u_ioclk_1, location = x0y59z1.
PHY-1001 :   Placed ioclk instance u_ph1p35_324_ddr_wrapper/u_ddr2/ph1p_ddrmc_wrapper/ph1p_ddrmc_top/u_ddr_phy/u_ddrphy_top/u_ddrphy_clk/ioclk[0]$u_ioclk_0, location = x0y59z0.
PHY-1001 : Processing 2 clock pins of DDR instance u_ph1p35_324_ddr_wrapper/u_ddr2/ph1p_ddrmc_wrapper/ph1p_ddrmc_top/u_ddr_phy/u_ddrphy_top/u_ddrphy/dx_byte[0]$dx_byte_used$u_ddrphy_dx_byte_wrapper/u_ddrphy_byte, location = x0y30z0.
PHY-1001 :   Placed ioclk instance u_ph1p35_324_ddr_wrapper/u_ddr2/ph1p_ddrmc_wrapper/ph1p_ddrmc_top/u_ddr_phy/u_ddrphy_top/u_ddrphy_clk/ioclk[1]$u_ioclk_1, location = x0y19z1.
PHY-1001 :   Placed ioclk instance u_ph1p35_324_ddr_wrapper/u_ddr2/ph1p_ddrmc_wrapper/ph1p_ddrmc_top/u_ddr_phy/u_ddrphy_top/u_ddrphy_clk/ioclk[1]$u_ioclk_0, location = x0y19z0.
PHY-1001 : Processing 2 clock pins of DDR instance u_ph1p35_324_ddr_wrapper/u_ddr2/ph1p_ddrmc_wrapper/ph1p_ddrmc_top/u_ddr_phy/u_ddrphy_top/u_ddrphy/dx_byte[1]$dx_byte_used$u_ddrphy_dx_byte_wrapper/u_ddrphy_byte, location = x0y10z0.
PHY-1001 :   Placed ioclk instance u_ph1p35_324_ddr_wrapper/u_ddr2/ph1p_ddrmc_wrapper/ph1p_ddrmc_top/u_ddr_phy/u_ddrphy_top/u_ddrphy_clk/ioclk[1]$u_ioclk_1, location = x0y19z1.
PHY-1001 :   Placed ioclk instance u_ph1p35_324_ddr_wrapper/u_ddr2/ph1p_ddrmc_wrapper/ph1p_ddrmc_top/u_ddr_phy/u_ddrphy_top/u_ddrphy_clk/ioclk[1]$u_ioclk_0, location = x0y19z0.
PHY-3001 : Target density is 60%
PHY-3001 : Target density is 60%
PHY-3001 : Initial: Len = 1.70772e+06, Over = 0
PHY-1001 : Stage 4.1 | Spreading
PHY-3001 : Design contains 127 ce signals.
PHY-3001 : Spreading for sector grids.
PHY-3001 : Iter 1, total overflow: 0
PHY-3001 : tot_capacity: 48, usage_cnt: 22, movable_cnt: 35
PHY-3001 : Spreading for clock grids.
PHY-3001 : clock grid count for 24 x 4 grids
PHY-3001 : Spreading for plb grids.
PHY-3001 : total displace: 0, max displace: 0.
PHY-3001 : End spreading;  0.358651s wall, 0.343750s user + 0.015625s system = 0.359375s CPU (100.2%)

PHY-1001 : End Stage 4.1 | Spreading; Time: 0.358727s wall, 0.343750s user + 0.015625s system = 0.359375s CPU (100.2%); Memory(MB): used = 1364, reserved = 1348, peak = 1364;

PHY-3001 : Final: Len = 1.70772e+06, Over = 0
PHY-3001 : End incremental legalization;  0.768214s wall, 0.750000s user + 0.015625s system = 0.765625s CPU (99.7%)

RUN-1002 : start command "report_qor -step place -file place.qor"
RUN-1002 : start command "start_timer"
RUN-1003 : finish command "start_timer" in  2.633673s wall, 2.546875s user + 0.000000s system = 2.546875s CPU (96.7%)

RUN-1004 : used memory is 1364 MB, reserved memory is 1348 MB, peak memory is 1364 MB
RUN-1001 : Generating global routing grids ...
-----------------------------------------------------------
| QoR metrics               |         value               |
-----------------------------------------------------------
| Timing                    |                             |
|     Setup WNS             |         2559                |
|     Setup TNS             |            0                |
|     Num of violated S-EP  |            0                |
|     FMAX                  |   158.003MHz                |
|     SWNS path clock period |       8888ps                |
|     Hold WNS              |         -278                |
|     Hold TNS              |       -73526                |
|     Num of violated H-EP  |          541                |
-----------------------------------------------------------
| Routing Resource          |                             |
|     Wire length           |      1702339                |
|     Route Net Num         |        26932                |
|     DontRoute Net Num     |        11868                |
|     RouteSinks Num        |        88282                |
-----------------------------------------------------------
| Utilization               |                             |
|     #slices               |        16588                |
|     slices percentage     |       78.19%                |
|     #RAMs                 |           30                |
|     #DSPs                 |           21                |
|     #DRAMHARDCON          |           77                |
-----------------------------------------------------------
| Congestion                |                             |
|     Top 1% tile util      |           75                |
|     Top 1% tile avg util  |       80.45%                |
|     Over 100% util #tile  |            0                |
-----------------------------------------------------------
Report place stage QoR done.

RUN-1003 : finish command "report_qor -step place -file place.qor" in  5.297118s wall, 5.156250s user + 0.046875s system = 5.203125s CPU (98.2%)

RUN-1004 : used memory is 1364 MB, reserved memory is 1348 MB, peak memory is 1364 MB
PHY-1001 : End Stage 4 | Optimize Design; Time: 6.086838s wall, 5.921875s user + 0.062500s system = 5.984375s CPU (98.3%); Memory(MB): used = 1364, reserved = 1348, peak = 1364;

PHY-1001 : Stage 5 | DRC Check
PHY-1001 : Stage 5.1 | Slice Attributes Check
PHY-1035 : Redundant attributes/nets in slice detected. You can use tcl "check_slice_attr -verbose" to get full message.
PHY-1039 : Found 112 mslices getting no used reg attributes, eg: u_hdmi_tx/u_hdmi_1_4b_transmitter_core_wrapper/u_hdmi_tx_controller_wrapper/u_hdmi_video_data_assemble/S_island_guard_band_1d_syn_10.
PHY-1039 : Found 112 mslices getting no used ce attributes, eg: u_hdmi_tx/u_hdmi_1_4b_transmitter_core_wrapper/u_hdmi_tx_controller_wrapper/u_hdmi_video_data_assemble/S_island_guard_band_1d_syn_10.
PHY-1001 : End Stage 5.1 | Slice Attributes Check; Time: 0.060843s wall, 0.062500s user + 0.000000s system = 0.062500s CPU (102.7%); Memory(MB): used = 1364, reserved = 1348, peak = 1364;

PHY-1001 : Stage 5.2 | Clock Bound Check
PHY-1001 : Check pass.
PHY-1001 : End Stage 5.2 | Clock Bound Check; Time: 0.002944s wall, 0.000000s user + 0.000000s system = 0.000000s CPU (n/a%); Memory(MB): used = 1364, reserved = 1348, peak = 1364;

PHY-1001 : Stage 5.3 | Force Route Constraint Check
PHY-1001 : Check Pass.
PHY-1001 : End Stage 5.3 | Force Route Constraint Check; Time: 0.002860s wall, 0.000000s user + 0.000000s system = 0.000000s CPU (n/a%); Memory(MB): used = 1364, reserved = 1348, peak = 1364;

PHY-1001 : Stage 5.4 | Sigmap Check
PHY-1001 : Check pass.
PHY-1001 : End Stage 5.4 | Sigmap Check; Time: 0.105994s wall, 0.109375s user + 0.000000s system = 0.109375s CPU (103.2%); Memory(MB): used = 1364, reserved = 1348, peak = 1364;

PHY-1001 : Stage 5.5 | Duplicated SelfDriven Check
PHY-1001 : Check pass.
PHY-1001 : End Stage 5.5 | Duplicated SelfDriven Check; Time: 0.700875s wall, 0.703125s user + 0.000000s system = 0.703125s CPU (100.3%); Memory(MB): used = 1364, reserved = 1348, peak = 1364;

PHY-1001 : Stage 5.6 | Clock Rule Check
PHY-5088 WARNING: Clock_Analyzer: Detected 1 buffer(s) clkin net because they drive non-clock sinks. Run "analyze_clock -detail" for more infomation.
PHY-5088 WARNING: Clock_Analyzer: Detected 1 buffer(s) clkout net because they drive non-clock sinks. Run "analyze_clock -detail" for more infomation.
PHY-5088 WARNING: Clock_Analyzer: 3 clock-net(s) because they drive other clock net, may cause clock skew. Run "analyze_clock -detail" for more infomation.
PHY-1001 : End Stage 5.6 | Clock Rule Check; Time: 0.083978s wall, 0.078125s user + 0.000000s system = 0.078125s CPU (93.0%); Memory(MB): used = 1364, reserved = 1348, peak = 1364;

PHY-1001 : End Stage 5 | DRC Check; Time: 1.030274s wall, 1.031250s user + 0.000000s system = 1.031250s CPU (100.1%); Memory(MB): used = 1364, reserved = 1348, peak = 1364;

OPT-1001 : QoR tracer report on placement steps:
    SWNS [   incr ]    STNS [   incr ]    FEPS [   incr ]    CRIT [   incr ]      CELL [     incr ]        WL [     incr ]    CONG [   incr ]    PDES [   incr ]   RT(s) [   incr ]   MEM(mb) [     incr ]
       0 [      0 ]       0 [      0 ]       0 [      0 ]       0 [      0 ]     32416 [        0 ]         0 [        0 ]    0.00 [   0.00 ]       0 [      0 ]       0 [      0 ]       592 [        0 ] : preplace:simplify_lut
       0 [      0 ]       0 [      0 ]       0 [      0 ]       0 [      0 ]     32416 [        0 ]         0 [        0 ]    0.00 [   0.00 ]       0 [      0 ]       0 [      0 ]       592 [        0 ] : preplace:sweep
       0 [      0 ]       0 [      0 ]       0 [      0 ]       0 [      0 ]     32416 [        0 ]         0 [        0 ]    0.00 [   0.00 ]       0 [      0 ]       0 [      0 ]       592 [        0 ] : preplace:lut_merge
       0 [      0 ]       0 [      0 ]       0 [      0 ]       0 [      0 ]     32416 [        0 ]         0 [        0 ]    0.00 [   0.00 ]       0 [      0 ]       0 [      0 ]       592 [        0 ] : preplace:hfn_opt
    2123 [   2123 ]       0 [      0 ]       0 [      0 ]    4072 [   4072 ]     34202 [     1786 ]   1916431 [  1916431 ]    0.00 [   0.00 ]       0 [      0 ]      13 [     13 ]      1075 [      483 ] : step1_gp
    2123 [      0 ]       0 [      0 ]       0 [      0 ]    4094 [     22 ]     34202 [        0 ]   1921352 [     4921 ]    0.00 [   0.00 ]       0 [      0 ]      15 [      2 ]      1080 [        5 ] : step1_legal
    2123 [      0 ]       0 [      0 ]       0 [      0 ]    4101 [      7 ]     34202 [        0 ]   1892332 [   -29020 ]    0.00 [   0.00 ]       0 [      0 ]      17 [      2 ]      1084 [        4 ] : step1_dp
    1624 [   -499 ]       0 [      0 ]       0 [      0 ]    4354 [    253 ]     34202 [        0 ]   1554563 [  -337769 ]  164.89 [ 164.89 ]       0 [      0 ]      22 [      5 ]      1180 [       96 ] : step2_gp
    1624 [      0 ]       0 [      0 ]       0 [      0 ]    4354 [      0 ]     34202 [        0 ]   1552557 [    -2006 ]  164.89 [   0.00 ]       0 [      0 ]      24 [      2 ]      1183 [        3 ] : step2_dp
    1624 [      0 ]       0 [      0 ]       0 [      0 ]    4354 [      0 ]     34202 [        0 ]   1552557 [        0 ]  164.89 [   0.00 ]       0 [      0 ]      24 [      0 ]      1183 [        0 ] : prepack_spreading
    1810 [    186 ]       0 [      0 ]       0 [      0 ]    4336 [    -18 ]     34294 [       92 ]   1460890 [   -91667 ]  175.58 [  10.68 ]       0 [      0 ]      34 [     10 ]      1197 [       14 ] : prepack:hfn_opt
    1845 [     35 ]       0 [      0 ]       0 [      0 ]    4336 [      0 ]     34294 [        0 ]   1463432 [     2542 ]   91.47 [ -84.11 ]       0 [      0 ]      39 [      5 ]      1197 [        0 ] : prepack:global_opt
    1219 [   -626 ]       0 [      0 ]       0 [      0 ]    4446 [    110 ]     18585 [   -15709 ]   1846463 [   383031 ]   92.05 [   0.58 ]       0 [      0 ]      69 [     30 ]      1341 [      144 ] : direct_legalization
    1219 [      0 ]       0 [      0 ]       0 [      0 ]    4446 [      0 ]     18585 [        0 ]   1846463 [        0 ]   92.05 [   0.00 ]       0 [      0 ]      69 [      0 ]      1347 [        6 ] : post_pack_spreading
    1745 [    526 ]       0 [      0 ]       0 [      0 ]    4632 [    186 ]     18585 [        0 ]   1624680 [  -221783 ]   83.32 [  -8.74 ]       0 [      0 ]      94 [     25 ]      1362 [       15 ] : post_pack_dp
    1745 [      0 ]       0 [      0 ]       0 [      0 ]    4630 [     -2 ]     18577 [       -8 ]   1621924 [    -2756 ]   83.32 [   0.00 ]       0 [      0 ]     101 [      7 ]      1362 [        0 ] : postpack:optimize_equivalent_quick
    1745 [      0 ]       0 [      0 ]       0 [      0 ]    4645 [     15 ]     18606 [       29 ]   1627948 [     6024 ]   83.32 [   0.00 ]       0 [      0 ]     103 [      2 ]      1362 [        0 ] : postpack:hfn_opt
    2143 [    398 ]       0 [      0 ]       0 [      0 ]    4645 [      0 ]     18637 [       31 ]   1642576 [    14628 ]   80.68 [  -2.63 ]       0 [      0 ]     119 [     16 ]      1363 [        1 ] : postpack:path_opt
    2143 [      0 ]       0 [      0 ]       0 [      0 ]    4643 [     -2 ]     18623 [      -14 ]   1637768 [    -4808 ]   80.68 [   0.00 ]       0 [      0 ]     127 [      8 ]      1363 [        0 ] : postpack:optimize_equivalent
    2559 [    416 ]       0 [      0 ]       0 [      0 ]    4988 [    345 ]     18623 [        0 ]   1637768 [        0 ]   80.68 [   0.00 ]       0 [      0 ]     130 [      3 ]      1363 [        0 ] : postpack:pin_opt
    2559 [      0 ]       0 [      0 ]       0 [      0 ]    4984 [     -4 ]     18623 [        0 ]   1685352 [    47584 ]   80.68 [   0.00 ]       0 [      0 ]     144 [     14 ]      1363 [        0 ] : postpack:beeline_opt

RUN-1003 : finish command "place" in  153.626125s wall, 388.968750s user + 11.453125s system = 400.421875s CPU (260.6%)

RUN-1004 : used memory is 1365 MB, reserved memory is 1348 MB, peak memory is 1365 MB
RUN-1002 : start command "update_timing -mode manhattan"
RUN-1002 : start command "start_timer"
RUN-1003 : finish command "start_timer" in  2.465049s wall, 2.437500s user + 0.015625s system = 2.453125s CPU (99.5%)

RUN-1004 : used memory is 1365 MB, reserved memory is 1348 MB, peak memory is 1365 MB
RUN-1003 : finish command "update_timing -mode manhattan" in  4.172208s wall, 4.140625s user + 0.015625s system = 4.156250s CPU (99.6%)

RUN-1004 : used memory is 1365 MB, reserved memory is 1348 MB, peak memory is 1365 MB
RUN-1002 : start command "report_timing_summary -file traffic_sign_td_place.timing"
RUN-1002 : start command "report_area -io_info -file traffic_sign_td_phy.area"
SYN-4034 : The count of slices with lut is 10462.
SYN-4035 : The count of slices with lut+ripple is 3388.
RUN-1001 : standard
***Report Model: design_top_wrapper Device: PH1P35MDG324***

Design Statistics
#IO                        58   out of    160   36.25%
  #input                    2
  #output                  31
  #inout                   25
#lut6                   14578   out of  21216   68.71%
#reg                    14585
  #slice reg            14585   out of  42432   34.37%
  #pad reg                  0

Utilization Statistics
#slice                  16588   out of  21216   78.19%
  #used ram               728
    #dram lut             616
    #shifter lut          112
  #used logic           15860
    #with luts          10462
    #with adder          3388
    #reg only            2010
#f7mux                      0   out of  10608    0.00%
#f8mux                      0   out of   5304    0.00%
#eram                      30   out of    108   27.78%
  #eram20k                 30
  #fifo20k                  0
#dsp                       21   out of     40   52.50%
#ddr_byte                   6   out of     12   50.00%
#mipi_tx                    0   out of      2    0.00%
#mipi_rx                    1   out of      2   50.00%
#pad                       17   out of    160   10.62%
#pll                        3   out of      6   50.00%
#gclk                       9   out of     32   28.12%
#lclk                       0   out of     12    0.00%
#sclk                       0   out of     48    0.00%
#mlclk                      2   out of      6   33.33%
#ioclk                      4   out of     18   22.22%

RUN-1002 : start command "flow_status -file place_flow.status"
Location         : D:\anlu\rtl\traffic_sign_td\td_project\traffic_sign_td_Runs\syn_1
Running with     : Tang Dynasty v6.2.168116
                   Copyright (c) 2012-2025 Anlogic Inc.
Top Model        : design_top_wrapper
Device           : PH1P35MDG324
Speed            : 3

Timing Mode      : manhattan
Setup            : WNS  2559ps  TNS        0ps  NUM_FEPS     0
Hold             : WNS  -278ps  TNS   -73526ps  NUM_FEPS   541

Flow Statistics  :
RUN-1001 : Flow Statistics:
RUN-1001 : ---------------------------------------------------------------------------------------------------
RUN-1001 :      command     |  #calls  |  wall time   |  cpu time(s)  |  used memory(mb)  |  peak memory(mb)  
RUN-1001 : ---------------------------------------------------------------------------------------------------
RUN-1001 :       place      |    1     |  2m33s(98%)  |   399(99%)    |       1365        |       1365        
RUN-1001 :     import_db    |    1     |    1s(0%)    |     0(0%)     |        590        |        590        
RUN-1001 :   import_device  |    1     |    1s(0%)    |     1(0%)     |        324        |        324        
RUN-1001 : ---------------------------------------------------------------------------------------------------
RUN-1001 :       total      |    3     |    2m35s     |      400      |       1365        |       1365        
RUN-1001 : ---------------------------------------------------------------------------------------------------
RUN-1002 : start command "report_clock_utilization -file place_clock_utilization.txt"
